Archive member included because of file (symbol)

/usr/local/lib/gcc/avr/4.4.2/../../../../avr/lib/avr51/libprintf_min.a(vfprintf_min.o)
                              (vfprintf)
/usr/local/lib/gcc/avr/4.4.2/avr51/libgcc.a(_mulsi3.o)
                              ../../src/kernel/source/nrk_time.o (__mulsi3)
/usr/local/lib/gcc/avr/4.4.2/avr51/libgcc.a(_udivmodqi4.o)
                              mmc.o (__udivmodqi4)
/usr/local/lib/gcc/avr/4.4.2/avr51/libgcc.a(_udivmodhi4.o)
                              ../../src/kernel/source/nrk_scheduler.o (__udivmodhi4)
/usr/local/lib/gcc/avr/4.4.2/avr51/libgcc.a(_udivmodsi4.o)
                              ../../src/kernel/source/nrk_time.o (__udivmodsi4)
/usr/local/lib/gcc/avr/4.4.2/avr51/libgcc.a(_exit.o)
                              /usr/local/lib/gcc/avr/4.4.2/../../../../avr/lib/avr51/crtm1281.o (exit)
/usr/local/lib/gcc/avr/4.4.2/avr51/libgcc.a(_copy_data.o)
                              main.o (__do_copy_data)
/usr/local/lib/gcc/avr/4.4.2/avr51/libgcc.a(_clear_bss.o)
                              main.o (__do_clear_bss)
/usr/local/lib/gcc/avr/4.4.2/../../../../avr/lib/avr51/libc.a(strchr_P.o)
                              /usr/local/lib/gcc/avr/4.4.2/../../../../avr/lib/avr51/libprintf_min.a(vfprintf_min.o) (strchr_P)
/usr/local/lib/gcc/avr/4.4.2/../../../../avr/lib/avr51/libc.a(fdevopen.o)
                              ../../src/platform/firefly2_2/source/ulib.o (fdevopen)
/usr/local/lib/gcc/avr/4.4.2/../../../../avr/lib/avr51/libc.a(fputc.o)
                              main.o (fputc)
/usr/local/lib/gcc/avr/4.4.2/../../../../avr/lib/avr51/libc.a(iob.o)
                              main.o (__iob)
/usr/local/lib/gcc/avr/4.4.2/../../../../avr/lib/avr51/libc.a(printf.o)
                              main.o (printf)
/usr/local/lib/gcc/avr/4.4.2/../../../../avr/lib/avr51/libc.a(puts.o)
                              main.o (puts)
/usr/local/lib/gcc/avr/4.4.2/../../../../avr/lib/avr51/libc.a(ultoa_invert.o)
                              /usr/local/lib/gcc/avr/4.4.2/../../../../avr/lib/avr51/libprintf_min.a(vfprintf_min.o) (__ultoa_invert)
/usr/local/lib/gcc/avr/4.4.2/../../../../avr/lib/avr51/libc.a(eerd_byte_atmega1281.o)
                              ../../src/platform/firefly2_2/source/nrk_eeprom.o (__eerd_byte_m1281)
/usr/local/lib/gcc/avr/4.4.2/../../../../avr/lib/avr51/libc.a(eewr_byte_atmega1281.o)
                              ../../src/platform/firefly2_2/source/nrk_eeprom.o (__eewr_byte_m1281)
/usr/local/lib/gcc/avr/4.4.2/../../../../avr/lib/avr51/libc.a(calloc.o)
                              /usr/local/lib/gcc/avr/4.4.2/../../../../avr/lib/avr51/libc.a(fdevopen.o) (calloc)
/usr/local/lib/gcc/avr/4.4.2/../../../../avr/lib/avr51/libc.a(malloc.o)
                              /usr/local/lib/gcc/avr/4.4.2/../../../../avr/lib/avr51/libc.a(calloc.o) (malloc)
/usr/local/lib/gcc/avr/4.4.2/../../../../avr/lib/avr51/libc.a(memset.o)
                              /usr/local/lib/gcc/avr/4.4.2/../../../../avr/lib/avr51/libc.a(calloc.o) (memset)

Allocating common symbols
Common symbol       size              file

rx_ctr              0x4               ../../src/radio/cc2420/source/basic_rf.o
_free_node          0x2               ../../src/kernel/source/nrk.o
TaskFour            0x23              main.o
app_timer0_callback
                    0x2               main.o
nrk_task_TCB        0xa5              ../../src/kernel/source/nrk.o
next_next_wakeup    0x2               ../../src/kernel/source/nrk.o
ext_int1_callback   0x2               ../../src/kernel/hal/atmega1281/nrk_ext_int.o
radio_sem           0x2               ../../src/radio/cc2420/source/basic_rf.o
Stack3              0x100             main.o
ext_int0_callback   0x2               ../../src/kernel/hal/atmega1281/nrk_ext_int.o
nrk_sem_list        0x3               ../../src/kernel/source/nrk.o
security_enable     0x1               ../../src/radio/cc2420/source/basic_rf.o
nrk_task_init_cnt   0x1               ../../src/kernel/source/nrk.o
error_task          0x1               main.o
mdmctrl0            0x2               ../../src/radio/cc2420/source/basic_rf.o
rfSettings          0x9               ../../src/radio/cc2420/source/basic_rf.o
_nrk_time_trigger   0x1               main.o
ext_int2_callback   0x2               ../../src/kernel/hal/atmega1281/nrk_ext_int.o
TaskOne             0x23              main.o
__brkval            0x2               /usr/local/lib/gcc/avr/4.4.2/../../../../avr/lib/avr51/libc.a(malloc.o)
nrk_wakeup_signal   0x1               ../../src/kernel/source/nrk.o
nrk_high_ready_TCB  0x2               ../../src/kernel/source/nrk.o
pc_int0_callback    0x2               ../../src/kernel/hal/atmega1281/nrk_ext_int.o
tmp_blah            0x2               ../../src/radio/cc2420/source/basic_rf.o
nrk_cur_task_prio   0x1               ../../src/kernel/source/nrk.o
_nrk_cpu_state      0x1               ../../src/kernel/source/nrk.o
sectorbuffer        0x200             main.o
[...]
Memory Configuration

Name             Origin             Length             Attributes
text             0x00000000         0x00020000         xr
data             0x00800060         0x0000ffa0         rw !x
eeprom           0x00810000         0x00010000         rw !x
fuse             0x00820000         0x00000400         rw !x
lock             0x00830000         0x00000400         rw !x
signature        0x00840000         0x00000400         rw !x
*default*        0x00000000         0xffffffff

Linker script and memory map

Address of section .data set to 0x800200
LOAD /usr/local/lib/gcc/avr/4.4.2/../../../../avr/lib/avr51/crtm1281.o
LOAD main.o
LOAD mmc.o
LOAD ../../src/radio/cc2420/source/hal_rf_set_channel.o
LOAD ../../src/radio/cc2420/source/hal_rf_wait_for_crystal_oscillator.o
LOAD ../../src/radio/cc2420/source/basic_rf.o
LOAD ../../src/platform/firefly2_2/source/ulib.o
LOAD ../../src/platform/firefly2_2/source/hal_wait.o
LOAD ../../src/platform/firefly2_2/source/nrk_eeprom.o
LOAD ../../src/kernel/source/nrk.o
LOAD ../../src/kernel/source/nrk_stats.o
LOAD ../../src/kernel/source/nrk_error.o
LOAD ../../src/kernel/source/nrk_stack_check.o
LOAD ../../src/kernel/source/nrk_events.o
LOAD ../../src/kernel/source/nrk_task.o
LOAD ../../src/kernel/source/nrk_time.o
LOAD ../../src/kernel/source/nrk_idle_task.o
LOAD ../../src/kernel/source/nrk_scheduler.o
LOAD ../../src/kernel/source/nrk_driver.o
LOAD ../../src/kernel/source/nrk_reserve.o
LOAD ../../src/kernel/hal/atmega1281/nrk_timer.o
LOAD ../../src/kernel/hal/atmega1281/nrk_ext_int.o
LOAD ../../src/kernel/hal/atmega1281/nrk_status.o
LOAD ../../src/kernel/hal/atmega1281/nrk_watchdog.o
LOAD ../../src/kernel/hal/atmega1281/nrk_cpu.o
LOAD ../../src/kernel/hal/atmega1281/atmel_hw_specific.o
LOAD /usr/local/lib/gcc/avr/4.4.2/../../../../avr/lib/avr51/libprintf_min.a
LOAD /usr/local/lib/gcc/avr/4.4.2/../../../../avr/lib/avr51/libm.a
LOAD /usr/local/lib/gcc/avr/4.4.2/avr51/libgcc.a
LOAD /usr/local/lib/gcc/avr/4.4.2/../../../../avr/lib/avr51/libc.a
LOAD /usr/local/lib/gcc/avr/4.4.2/avr51/libgcc.a

.hash
 *(.hash)

.dynsym
 *(.dynsym)

.dynstr
 *(.dynstr)

.gnu.version
 *(.gnu.version)

.gnu.version_d
 *(.gnu.version_d)

.gnu.version_r
 *(.gnu.version_r)

.rel.init
 *(.rel.init)

.rela.init
 *(.rela.init)

.rel.text
 *(.rel.text)
 *(.rel.text.*)
 *(.rel.gnu.linkonce.t*)

.rela.text
 *(.rela.text)
 *(.rela.text.*)
 *(.rela.gnu.linkonce.t*)

.rel.fini
 *(.rel.fini)

.rela.fini
 *(.rela.fini)

.rel.rodata
 *(.rel.rodata)
 *(.rel.rodata.*)
 *(.rel.gnu.linkonce.r*)

.rela.rodata
 *(.rela.rodata)
 *(.rela.rodata.*)
 *(.rela.gnu.linkonce.r*)

.rel.data
 *(.rel.data)
 *(.rel.data.*)
 *(.rel.gnu.linkonce.d*)

.rela.data
 *(.rela.data)
 *(.rela.data.*)
 *(.rela.gnu.linkonce.d*)

.rel.ctors
 *(.rel.ctors)

.rela.ctors
 *(.rela.ctors)

.rel.dtors
 *(.rel.dtors)

.rela.dtors
 *(.rela.dtors)

.rel.got
 *(.rel.got)

.rela.got
 *(.rela.got)

.rel.bss
 *(.rel.bss)

.rela.bss
 *(.rela.bss)

.rel.plt
 *(.rel.plt)

.rela.plt
 *(.rela.plt)

.text           0x00000000     0x5806
 *(.vectors)
 .vectors       0x00000000       0xcc /usr/local/lib/gcc/avr/4.4.2/../../../../avr/lib/avr51/crtm1281.o
                0x00000000                __vectors
 *(.vectors)
 *(.progmem.gcc*)
 .progmem.gcc_sw_table
                0x000000cc       0x24 ../../src/kernel/source/nrk_error.o
 *(.progmem*)
 .progmem.data  0x000000f0      0x1c8 ../../src/kernel/source/nrk_error.o
 .progmem.data  0x000002b8        0xf ../../src/kernel/source/nrk_stack_check.o
 .progmem.data  0x000002c7       0x17 /usr/local/lib/gcc/avr/4.4.2/../../../../avr/lib/avr51/libprintf_min.a(vfprintf_min.o)
                0x000002de                . = ALIGN (0x2)
                0x000002de                __trampolines_start = .
 *(.trampolines)
 .trampolines   0x000002de        0x0 linker stubs
 *(.trampolines*)
                0x000002de                __trampolines_end = .
 *(.jumptables)
 *(.jumptables*)
 *(.lowtext)
 *(.lowtext*)
                0x000002de                __ctors_start = .
 *(.ctors)
                0x000002de                __ctors_end = .
                0x000002de                __dtors_start = .
 *(.dtors)
                0x000002de                __dtors_end = .
 SORT(*)(.ctors)
 SORT(*)(.dtors)
 *(.init0)
 .init0         0x000002de        0x0 /usr/local/lib/gcc/avr/4.4.2/../../../../avr/lib/avr51/crtm1281.o
                0x000002de                __init
 *(.init0)
 *(.init1)
 *(.init1)
 *(.init2)
 .init2         0x000002de        0xc /usr/local/lib/gcc/avr/4.4.2/../../../../avr/lib/avr51/crtm1281.o
 *(.init2)
 *(.init3)
 *(.init3)
 *(.init4)
 .init4         0x000002ea       0x1a /usr/local/lib/gcc/avr/4.4.2/avr51/libgcc.a(_copy_data.o)
                0x000002ea                __do_copy_data
 .init4         0x00000304       0x10 /usr/local/lib/gcc/avr/4.4.2/avr51/libgcc.a(_clear_bss.o)
                0x00000304                __do_clear_bss
 *(.init4)
 *(.init5)
 *(.init5)
 *(.init6)
 *(.init6)
 *(.init7)
 *(.init7)
 *(.init8)
 *(.init8)
 *(.init9)
 .init9         0x00000314        0x8 /usr/local/lib/gcc/avr/4.4.2/../../../../avr/lib/avr51/crtm1281.o
 *(.init9)
 *(.text)
 .text          0x0000031c        0x4 /usr/local/lib/gcc/avr/4.4.2/../../../../avr/lib/avr51/crtm1281.o
                0x0000031c                __vector_38
                0x0000031c                __vector_22
                0x0000031c                __vector_28
                0x0000031c                __vector_34
                0x0000031c                __vector_24
                0x0000031c                __vector_12
                0x0000031c                __vector_46
                0x0000031c                __bad_interrupt
                0x0000031c                __vector_6
                0x0000031c                __vector_31
                0x0000031c                __vector_35
                0x0000031c                __vector_39
                0x0000031c                __vector_3
                0x0000031c                __vector_23
                0x0000031c                __vector_30
                0x0000031c                __vector_45
                0x0000031c                __vector_25
                0x0000031c                __vector_11
                0x0000031c                __vector_19
                0x0000031c                __vector_7
                0x0000031c                __vector_49
                0x0000031c                __vector_41
                0x0000031c                __vector_43
                0x0000031c                __vector_27
                0x0000031c                __vector_5
                0x0000031c                __vector_33
                0x0000031c                __vector_47
                0x0000031c                __vector_37
                0x0000031c                __vector_4
                0x0000031c                __vector_44
                0x0000031c                __vector_2
                0x0000031c                __vector_21
                0x0000031c                __vector_36
                0x0000031c                __vector_29
                0x0000031c                __vector_40
                0x0000031c                __vector_8
                0x0000031c                __vector_26
                0x0000031c                __vector_48
                0x0000031c                __vector_14
                0x0000031c                __vector_10
                0x0000031c                __vector_50
                0x0000031c                __vector_16
                0x0000031c                __vector_18
                0x0000031c                __vector_20
                0x0000031c                __vector_42
 .text          0x00000320      0x79e main.o
                0x00000320                kill_stack
                0x000003f4                nrk_create_taskset
                0x00000690                Task4
                0x00000732                Task3
                0x000007d4                Task2
                0x00000850                Task1
                0x00000a64                main
 .text          0x00000abe      0x2a4 mmc.o
                0x00000abe                spi_byte
                0x00000aca                mmc_send_command
                0x00000b26                mmc_get
                0x00000b46                mmc_datatoken
                0x00000b66                mmc_clock_and_release
                0x00000b7e                mmc_readsector
                0x00000c0c                mmc_writesector
                0x00000c96                mmc_card_detect
                0x00000ca2                mmc_init
                0x00000d32                putlong
 .text          0x00000d62       0x3c ../../src/radio/cc2420/source/hal_rf_set_channel.o
                0x00000d62                halRfSetChannel
 .text          0x00000d9e       0x18 ../../src/radio/cc2420/source/hal_rf_wait_for_crystal_oscillator.o
                0x00000d9e                halRfWaitForCrystalOscillator
 .text          0x00000db6     0x1202 ../../src/radio/cc2420/source/basic_rf.o
                0x00000db6                rf_security_last_pkt_status
                0x00000dbc                rf_security_set_ctr_counter
                0x00000e3c                rf_security_enable
                0x00000e88                rf_security_disable
                0x00000eb0                rf_get_sem
                0x00000eba                rf_tx_power
                0x00000ee4                rf_addr_decode_enable
                0x00000f16                rf_addr_decode_disable
                0x00000f48                rf_auto_ack_enable
                0x00000f80                rf_auto_ack_disable
                0x00000fb6                rf_rx_on
                0x00000fde                rf_polling_rx_on
                0x00001006                rf_rx_off
                0x0000101e                rf_busy
                0x00001030                rf_rx_check_fifop
                0x0000103a                rf_rx_check_sfd
                0x0000104c                rf_polling_rx_packet
                0x0000148c                rf_rx_packet
                0x0000149e                rf_flush_rx_fifo
                0x000014bc                rf_set_cca_thresh
                0x000014e8                rf_test_mode
                0x0000153e                rf_data_mode
                0x00001590                rf_carrier_on
                0x000015a0                rf_carrier_off
                0x000015b0                rf_tx_packet
                0x000018be                rf_tx_tdma_packet
                0x00001bc2                rf_addr_decode_set_my_mac
                0x00001c24                rf_security_set_key
                0x00001dea                rf_set_rx
                0x00001e20                rf_set_channel
                0x00001e26                rf_init
 .text          0x00001fb8      0x87e ../../src/platform/firefly2_2/source/ulib.o
                0x00001fb8                nrk_uart_rx_signal_get
                0x00001fbc                nrk_uart_data_ready
                0x00001fe0                getc1
                0x00001ff8                PORT_INIT
                0x00002022                nrk_setup_ports
                0x00002030                nrk_gpio_set
                0x0000211c                nrk_gpio_clr
                0x0000221e                nrk_gpio_get
                0x0000228a                nrk_gpio_toggle
                0x0000247e                nrk_gpio_direction
                0x00002676                nrk_get_button
                0x0000268a                nrk_led_toggle
                0x000026c0                nrk_led_clr
                0x000026f6                nrk_led_set
                0x0000272c                nrk_gpio_pullups
                0x00002740                putc0
                0x00002758                putc1
                0x00002766                setup_uart0
                0x00002790                setup_uart1
                0x000027ba                getc0
                0x000027d2                nrk_setup_uart
                0x00002810                nrk_kprintf
 .text          0x00002836        0xe ../../src/platform/firefly2_2/source/hal_wait.o
                0x00002836                halWait
 .text          0x00002844      0x140 ../../src/platform/firefly2_2/source/nrk_eeprom.o
                0x00002844                write_eeprom_current_image_checksum
                0x00002854                write_eeprom_aes_key
                0x00002884                write_eeprom_load_img_pages
                0x00002894                nrk_eeprom_write_byte
                0x0000289a                read_eeprom_current_image_checksum
                0x000028b2                read_eeprom_aes_key
                0x000028e2                read_eeprom_load_img_pages
                0x000028fa                read_eeprom_channel
                0x00002912                read_eeprom_mac_address
                0x0000297e                nrk_eeprom_read_byte
 .text          0x00002984      0x344 ../../src/kernel/source/nrk.o
                0x00002984                nrk_int_disable
                0x00002988                nrk_int_enable
                0x0000298c                nrk_halt
                0x00002990                nrk_version
                0x00002996                _nrk_timer_tick
                0x0000299c                nrk_TCB_init
                0x00002afc                nrk_start
                0x00002ba0                nrk_init
 .text          0x00002cc8        0x0 ../../src/kernel/source/nrk_stats.o
 .text          0x00002cc8      0x1b2 ../../src/kernel/source/nrk_error.o
                0x00002cc8                _nrk_errno_set
                0x00002cd4                nrk_errno_get
                0x00002ce0                nrk_error_get
                0x00002cfc                nrk_error_print
                0x00002e54                nrk_kernel_error_add
                0x00002e62                nrk_error_add
 .text          0x00002e7a      0x242 ../../src/kernel/source/nrk_stack_check.o
                0x00002e7a                nrk_stack_check_pid
                0x00002ec0                dump_stack_info
                0x00003074                nrk_stack_check
 .text          0x000030bc      0x600 ../../src/kernel/source/nrk_events.o
                0x000030bc                nrk_signal_create
                0x0000313c                nrk_signal_get_registered_mask
                0x0000314e                nrk_signal_unregister
                0x000031d2                nrk_signal_register
                0x00003240                nrk_sem_create
                0x00003246                nrk_get_resource_index
                0x00003256                nrk_sem_delete
                0x0000329a                nrk_sem_query
                0x000032cc                nrk_sem_post
                0x00003390                nrk_event_signal
                0x00003478                nrk_signal_delete
                0x00003590                nrk_sem_pend
                0x00003644                nrk_event_wait
 .text          0x000036bc      0x6c2 ../../src/kernel/source/nrk_task.o
                0x000036bc                nrk_get_high_ready_task_ID
                0x000036c8                nrk_print_readyQ
                0x000036de                nrk_add_to_readyQ
                0x0000383c                nrk_rem_from_readyQ
                0x000038ee                nrk_get_pid
                0x000038fa                _nrk_wait_for_scheduler
                0x0000390e                nrk_wait
                0x000039c6                nrk_wait_until
                0x00003a72                nrk_wait_until_nw
                0x00003abe                nrk_set_next_wakeup
                0x00003b36                nrk_wait_until_ticks
                0x00003b8e                nrk_wait_ticks
                0x00003bf8                nrk_wait_until_next_n_periods
                0x00003c5c                nrk_wait_until_next_period
                0x00003cb2                nrk_terminate_task
                0x00003cd4                nrk_activate_task
 .text          0x00003d7e      0x5a8 ../../src/kernel/source/nrk_time.o
                0x00003d7e                nrk_time_sub
                0x00003e9c                nrk_time_add
                0x00003f88                nrk_time_compact_nanos
                0x00003fce                nrk_time_set
                0x00003ff0                _nrk_time_to_ticks
                0x000040ec                _nrk_ticks_to_time
                0x00004160                _nrk_time_to_ticks_long
                0x00004278                nrk_time_get
 .text          0x00004326       0x36 ../../src/kernel/source/nrk_idle_task.o
                0x00004326                nrk_idle_task
 .text          0x0000435c      0x3e8 ../../src/kernel/source/nrk_scheduler.o
                0x0000435c                _nrk_scheduler
 .text          0x00004744        0x0 ../../src/kernel/source/nrk_driver.o
 .text          0x00004744        0x0 ../../src/kernel/source/nrk_reserve.o
 .text          0x00004744      0x370 ../../src/kernel/hal/atmega1281/nrk_timer.o
                0x00004744                nrk_spin_wait_us
                0x00004752                _nrk_setup_timer
                0x000047bc                _nrk_high_speed_timer_stop
                0x000047c2                _nrk_high_speed_timer_start
                0x000047ca                _nrk_high_speed_timer_reset
                0x000047da                nrk_high_speed_timer_wait
                0x00004862                _nrk_high_speed_timer_get
                0x00004888                _nrk_os_timer_stop
                0x0000489e                _nrk_os_timer_set
                0x000048a4                _nrk_os_timer_start
                0x000048b6                _nrk_os_timer_reset
                0x000048ca                _nrk_get_next_wakeup
                0x000048d2                _nrk_set_next_wakeup
                0x000048da                nrk_timer_int_stop
                0x000048e6                nrk_timer_int_reset
                0x000048fa                nrk_timer_int_read
                0x00004910                nrk_timer_int_start
                0x00004922                nrk_timer_int_configure
                0x000049a0                _nrk_os_timer_get
                0x000049a6                __vector_13
                0x000049a6                __vector_15
                0x00004a0c                __vector_17
                0x00004a20                __vector_32
                0x00004a84                __vector_default
 .text          0x00004ab4      0x2f2 ../../src/kernel/hal/atmega1281/nrk_ext_int.o
                0x00004ab4                nrk_ext_int_enable
                0x00004b3c                nrk_ext_int_disable
                0x00004bc4                nrk_ext_int_configure
                0x00004cde                __vector_1
                0x00004d42                __vector_9
 .text          0x00004da6       0x10 ../../src/kernel/hal/atmega1281/nrk_status.o
                0x00004da6                _nrk_startup_ok
                0x00004db4                update_watchdog
 .text          0x00004db6       0x50 ../../src/kernel/hal/atmega1281/nrk_watchdog.o
                0x00004db6                nrk_watchdog_check
                0x00004dc4                nrk_watchdog_reset
                0x00004dc8                nrk_watchdog_enable
                0x00004de8                nrk_watchdog_disable
 .text          0x00004e06      0x102 ../../src/kernel/hal/atmega1281/nrk_cpu.o
                0x00004e06                nrk_battery_save
                0x00004e08                nrk_sleep
                0x00004e20                nrk_idle
                0x00004e36                nrk_task_set_entry_function
                0x00004e3e                nrk_task_stk_init
                0x00004e94                nrk_stack_pointer_init
                0x00004eb2                nrk_stack_pointer_restore
                0x00004ec0                nrk_target_start
                0x00004eca                nrk_task_set_stk
 .text          0x00004f08       0x56 ../../src/kernel/hal/atmega1281/atmel_hw_specific.o
                0x00004f08                nrk_start_high_ready_task
 .text          0x00004f5e        0x0 /usr/local/lib/gcc/avr/4.4.2/../../../../avr/lib/avr51/libprintf_min.a(vfprintf_min.o)
 .text          0x00004f5e        0x0 /usr/local/lib/gcc/avr/4.4.2/avr51/libgcc.a(_mulsi3.o)
 .text          0x00004f5e        0x0 /usr/local/lib/gcc/avr/4.4.2/avr51/libgcc.a(_udivmodqi4.o)
 .text          0x00004f5e        0x0 /usr/local/lib/gcc/avr/4.4.2/avr51/libgcc.a(_udivmodhi4.o)
 .text          0x00004f5e        0x0 /usr/local/lib/gcc/avr/4.4.2/avr51/libgcc.a(_udivmodsi4.o)
 .text          0x00004f5e        0x0 /usr/local/lib/gcc/avr/4.4.2/avr51/libgcc.a(_exit.o)
 .text          0x00004f5e        0x0 /usr/local/lib/gcc/avr/4.4.2/avr51/libgcc.a(_copy_data.o)
 .text          0x00004f5e        0x0 /usr/local/lib/gcc/avr/4.4.2/avr51/libgcc.a(_clear_bss.o)
 .text          0x00004f5e        0x0 /usr/local/lib/gcc/avr/4.4.2/../../../../avr/lib/avr51/libc.a(strchr_P.o)
 .text          0x00004f5e        0x0 /usr/local/lib/gcc/avr/4.4.2/../../../../avr/lib/avr51/libc.a(fdevopen.o)
 .text          0x00004f5e        0x0 /usr/local/lib/gcc/avr/4.4.2/../../../../avr/lib/avr51/libc.a(fputc.o)
 .text          0x00004f5e        0x0 /usr/local/lib/gcc/avr/4.4.2/../../../../avr/lib/avr51/libc.a(iob.o)
 .text          0x00004f5e        0x0 /usr/local/lib/gcc/avr/4.4.2/../../../../avr/lib/avr51/libc.a(printf.o)
 .text          0x00004f5e        0x0 /usr/local/lib/gcc/avr/4.4.2/../../../../avr/lib/avr51/libc.a(puts.o)
 .text          0x00004f5e        0x0 /usr/local/lib/gcc/avr/4.4.2/../../../../avr/lib/avr51/libc.a(ultoa_invert.o)
 .text          0x00004f5e        0x0 /usr/local/lib/gcc/avr/4.4.2/../../../../avr/lib/avr51/libc.a(eerd_byte_atmega1281.o)
 .text          0x00004f5e        0x0 /usr/local/lib/gcc/avr/4.4.2/../../../../avr/lib/avr51/libc.a(eewr_byte_atmega1281.o)
 .text          0x00004f5e        0x0 /usr/local/lib/gcc/avr/4.4.2/../../../../avr/lib/avr51/libc.a(calloc.o)
 .text          0x00004f5e        0x0 /usr/local/lib/gcc/avr/4.4.2/../../../../avr/lib/avr51/libc.a(malloc.o)
 .text          0x00004f5e        0x0 /usr/local/lib/gcc/avr/4.4.2/../../../../avr/lib/avr51/libc.a(memset.o)
                0x00004f5e                . = ALIGN (0x2)
 *(.text.*)
 .text.avr-libc
                0x00004f5e      0x28c /usr/local/lib/gcc/avr/4.4.2/../../../../avr/lib/avr51/libprintf_min.a(vfprintf_min.o)
                0x00004f5e                vfprintf
 .text.libgcc   0x000051ea       0x3e /usr/local/lib/gcc/avr/4.4.2/avr51/libgcc.a(_mulsi3.o)
                0x000051ea                __mulsi3
 .text.libgcc   0x00005228       0x18 /usr/local/lib/gcc/avr/4.4.2/avr51/libgcc.a(_udivmodqi4.o)
                0x00005228                __udivmodqi4
 .text.libgcc   0x00005240       0x28 /usr/local/lib/gcc/avr/4.4.2/avr51/libgcc.a(_udivmodhi4.o)
                0x00005240                __udivmodhi4
 .text.libgcc   0x00005268       0x44 /usr/local/lib/gcc/avr/4.4.2/avr51/libgcc.a(_udivmodsi4.o)
                0x00005268                __udivmodsi4
 .text.libgcc   0x000052ac        0x0 /usr/local/lib/gcc/avr/4.4.2/avr51/libgcc.a(_exit.o)
 .text.libgcc   0x000052ac        0x0 /usr/local/lib/gcc/avr/4.4.2/avr51/libgcc.a(_copy_data.o)
 .text.libgcc   0x000052ac        0x0 /usr/local/lib/gcc/avr/4.4.2/avr51/libgcc.a(_clear_bss.o)
 .text.avr-libc
                0x000052ac       0x16 /usr/local/lib/gcc/avr/4.4.2/../../../../avr/lib/avr51/libc.a(strchr_P.o)
                0x000052ac                strchr_P
 .text.avr-libc
                0x000052c2       0x98 /usr/local/lib/gcc/avr/4.4.2/../../../../avr/lib/avr51/libc.a(fdevopen.o)
                0x000052c2                fdevopen
 .text.avr-libc
                0x0000535a       0x58 /usr/local/lib/gcc/avr/4.4.2/../../../../avr/lib/avr51/libc.a(fputc.o)
                0x0000535a                fputc
 .text.avr-libc
                0x000053b2       0x24 /usr/local/lib/gcc/avr/4.4.2/../../../../avr/lib/avr51/libc.a(printf.o)
                0x000053b2                printf
 .text.avr-libc
                0x000053d6       0x76 /usr/local/lib/gcc/avr/4.4.2/../../../../avr/lib/avr51/libc.a(puts.o)
                0x000053d6                puts
 .text.avr-libc
                0x0000544c       0xbc /usr/local/lib/gcc/avr/4.4.2/../../../../avr/lib/avr51/libc.a(ultoa_invert.o)
                0x0000544c                __ultoa_invert
 .text.avr-libc
                0x00005508       0x10 /usr/local/lib/gcc/avr/4.4.2/../../../../avr/lib/avr51/libc.a(eerd_byte_atmega1281.o)
                0x00005508                __eerd_byte_m1281
 .text.avr-libc
                0x00005518       0x1c /usr/local/lib/gcc/avr/4.4.2/../../../../avr/lib/avr51/libc.a(eewr_byte_atmega1281.o)
                0x00005518                __eewr_byte_m1281
                0x0000551a                __eewr_r18_m1281
 .text.avr-libc
                0x00005534       0x4c /usr/local/lib/gcc/avr/4.4.2/../../../../avr/lib/avr51/libc.a(calloc.o)
                0x00005534                calloc
 .text.avr-libc
                0x00005580      0x274 /usr/local/lib/gcc/avr/4.4.2/../../../../avr/lib/avr51/libc.a(malloc.o)
                0x00005580                malloc
                0x000056c6                free
 .text.avr-libc
                0x000057f4        0xe /usr/local/lib/gcc/avr/4.4.2/../../../../avr/lib/avr51/libc.a(memset.o)
                0x000057f4                memset
                0x00005802                . = ALIGN (0x2)
 *(.fini9)
 .fini9         0x00005802        0x0 /usr/local/lib/gcc/avr/4.4.2/avr51/libgcc.a(_exit.o)
                0x00005802                exit
                0x00005802                _exit
 *(.fini9)
 *(.fini8)
 *(.fini8)
 *(.fini7)
 *(.fini7)
 *(.fini6)
 *(.fini6)
 *(.fini5)
 *(.fini5)
 *(.fini4)
 *(.fini4)
 *(.fini3)
 *(.fini3)
 *(.fini2)
 *(.fini2)
 *(.fini1)
 *(.fini1)
 *(.fini0)
 .fini0         0x00005802        0x4 /usr/local/lib/gcc/avr/4.4.2/avr51/libgcc.a(_exit.o)
 *(.fini0)
                0x00005806                _etext = .

.data           0x00800200      0x164 load address 0x00005806
                0x00800200                PROVIDE (__data_start, .)
 *(.data)
 .data          0x00800200        0x0 /usr/local/lib/gcc/avr/4.4.2/../../../../avr/lib/avr51/crtm1281.o
 .data          0x00800200       0xeb main.o
 .data          0x008002eb        0x0 mmc.o
 .data          0x008002eb        0x0 ../../src/radio/cc2420/source/hal_rf_set_channel.o
 .data          0x008002eb        0x0 ../../src/radio/cc2420/source/hal_rf_wait_for_crystal_oscillator.o
 .data          0x008002eb        0x0 ../../src/radio/cc2420/source/basic_rf.o
 .data          0x008002eb       0x21 ../../src/platform/firefly2_2/source/ulib.o
                0x008002eb                NRK_DEBUG_0
                0x008002ec                NRK_DEBUG_1
                0x008002ed                NRK_BUTTON
                0x008002ee                NRK_SPI_SS
                0x008002ef                NRK_SCK
                0x008002f0                NRK_MOSI
                0x008002f1                NRK_MISO
                0x008002f2                NRK_GPIO26
                0x008002f3                NRK_MMC_11
                0x008002f4                NRK_MMC_10
                0x008002f5                NRK_MMC_9
                0x008002f6                NRK_DEBUG_2
                0x008002f7                NRK_DEBUG_3
                0x008002f8                NRK_UART1_RXD
                0x008002f9                NRK_UART1_TXD
                0x008002fa                NRK_CCA
                0x008002fb                NRK_SFD
                0x008002fc                NRK_UART0_RXD
                0x008002fd                NRK_UART0_TXD
                0x008002fe                NRK_LED_0
                0x008002ff                NRK_LED_1
                0x00800300                NRK_LED_2
                0x00800301                NRK_LED_3
                0x00800302                NRK_GPIO34
                0x00800303                NRK_FIFOP
                0x00800304                NRK_ADC_INPUT_0
                0x00800305                NRK_ADC_INPUT_1
                0x00800306                NRK_ADC_INPUT_2
                0x00800307                NRK_ADC_INPUT_3
                0x00800308                NRK_ADC_INPUT_4
                0x00800309                NRK_ADC_INPUT_5
                0x0080030a                NRK_ADC_INPUT_6
                0x0080030b                NRK_ADC_INPUT_7
 .data          0x0080030c        0x0 ../../src/platform/firefly2_2/source/hal_wait.o
 .data          0x0080030c        0x0 ../../src/platform/firefly2_2/source/nrk_eeprom.o
 .data          0x0080030c        0x0 ../../src/kernel/source/nrk.o
 .data          0x0080030c        0x0 ../../src/kernel/source/nrk_stats.o
 .data          0x0080030c        0x3 ../../src/kernel/source/nrk_error.o
 .data          0x0080030f       0x4e ../../src/kernel/source/nrk_stack_check.o
 .data          0x0080035d        0x0 ../../src/kernel/source/nrk_events.o
 .data          0x0080035d        0x0 ../../src/kernel/source/nrk_task.o
 .data          0x0080035d        0x0 ../../src/kernel/source/nrk_time.o
 .data          0x0080035d        0x0 ../../src/kernel/source/nrk_idle_task.o
 .data          0x0080035d        0x0 ../../src/kernel/source/nrk_scheduler.o
 .data          0x0080035d        0x0 ../../src/kernel/source/nrk_driver.o
 .data          0x0080035d        0x0 ../../src/kernel/source/nrk_reserve.o
 .data          0x0080035d        0x0 ../../src/kernel/hal/atmega1281/nrk_timer.o
 .data          0x0080035d        0x0 ../../src/kernel/hal/atmega1281/nrk_ext_int.o
 .data          0x0080035d        0x0 ../../src/kernel/hal/atmega1281/nrk_status.o
 .data          0x0080035d        0x0 ../../src/kernel/hal/atmega1281/nrk_watchdog.o
 .data          0x0080035d        0x0 ../../src/kernel/hal/atmega1281/nrk_cpu.o
 .data          0x0080035d        0x0 ../../src/kernel/hal/atmega1281/atmel_hw_specific.o
 .data          0x0080035d        0x0 /usr/local/lib/gcc/avr/4.4.2/../../../../avr/lib/avr51/libprintf_min.a(vfprintf_min.o)
 .data          0x0080035d        0x0 /usr/local/lib/gcc/avr/4.4.2/avr51/libgcc.a(_mulsi3.o)
 .data          0x0080035d        0x0 /usr/local/lib/gcc/avr/4.4.2/avr51/libgcc.a(_udivmodqi4.o)
 .data          0x0080035d        0x0 /usr/local/lib/gcc/avr/4.4.2/avr51/libgcc.a(_udivmodhi4.o)
 .data          0x0080035d        0x0 /usr/local/lib/gcc/avr/4.4.2/avr51/libgcc.a(_udivmodsi4.o)
 .data          0x0080035d        0x0 /usr/local/lib/gcc/avr/4.4.2/avr51/libgcc.a(_exit.o)
 .data          0x0080035d        0x0 /usr/local/lib/gcc/avr/4.4.2/avr51/libgcc.a(_copy_data.o)
 .data          0x0080035d        0x0 /usr/local/lib/gcc/avr/4.4.2/avr51/libgcc.a(_clear_bss.o)
 .data          0x0080035d        0x0 /usr/local/lib/gcc/avr/4.4.2/../../../../avr/lib/avr51/libc.a(strchr_P.o)
 .data          0x0080035d        0x0 /usr/local/lib/gcc/avr/4.4.2/../../../../avr/lib/avr51/libc.a(fdevopen.o)
 .data          0x0080035d        0x0 /usr/local/lib/gcc/avr/4.4.2/../../../../avr/lib/avr51/libc.a(fputc.o)
 .data          0x0080035d        0x0 /usr/local/lib/gcc/avr/4.4.2/../../../../avr/lib/avr51/libc.a(iob.o)
 .data          0x0080035d        0x0 /usr/local/lib/gcc/avr/4.4.2/../../../../avr/lib/avr51/libc.a(printf.o)
 .data          0x0080035d        0x0 /usr/local/lib/gcc/avr/4.4.2/../../../../avr/lib/avr51/libc.a(puts.o)
 .data          0x0080035d        0x0 /usr/local/lib/gcc/avr/4.4.2/../../../../avr/lib/avr51/libc.a(ultoa_invert.o)
 .data          0x0080035d        0x0 /usr/local/lib/gcc/avr/4.4.2/../../../../avr/lib/avr51/libc.a(eerd_byte_atmega1281.o)
 .data          0x0080035d        0x0 /usr/local/lib/gcc/avr/4.4.2/../../../../avr/lib/avr51/libc.a(eewr_byte_atmega1281.o)
 .data          0x0080035d        0x0 /usr/local/lib/gcc/avr/4.4.2/../../../../avr/lib/avr51/libc.a(calloc.o)
 .data          0x0080035d        0x6 /usr/local/lib/gcc/avr/4.4.2/../../../../avr/lib/avr51/libc.a(malloc.o)
                0x0080035d                __malloc_margin
                0x0080035f                __malloc_heap_start
                0x00800361                __malloc_heap_end
 .data          0x00800363        0x0 /usr/local/lib/gcc/avr/4.4.2/../../../../avr/lib/avr51/libc.a(memset.o)
 *(.data*)
 *(.rodata)
 *(.rodata*)
 *(.gnu.linkonce.d*)
                0x00800364                . = ALIGN (0x2)
 *fill*         0x00800363        0x1 00
                0x00800364                _edata = .
                0x00800364                PROVIDE (__data_end, .)

.bss            0x00800364      0x850
                0x00800364                PROVIDE (__bss_start, .)
 *(.bss)
 .bss           0x00800364        0x0 /usr/local/lib/gcc/avr/4.4.2/../../../../avr/lib/avr51/crtm1281.o
 .bss           0x00800364        0x0 main.o
 .bss           0x00800364        0x0 mmc.o
 .bss           0x00800364        0x0 ../../src/radio/cc2420/source/hal_rf_set_channel.o
 .bss           0x00800364        0x0 ../../src/radio/cc2420/source/hal_rf_wait_for_crystal_oscillator.o
 .bss           0x00800364        0x0 ../../src/radio/cc2420/source/basic_rf.o
 .bss           0x00800364        0x0 ../../src/platform/firefly2_2/source/ulib.o
 .bss           0x00800364        0x0 ../../src/platform/firefly2_2/source/hal_wait.o
 .bss           0x00800364        0x0 ../../src/platform/firefly2_2/source/nrk_eeprom.o
 .bss           0x00800364        0x0 ../../src/kernel/source/nrk.o
 .bss           0x00800364        0x0 ../../src/kernel/source/nrk_stats.o
 .bss           0x00800364        0x0 ../../src/kernel/source/nrk_error.o
 .bss           0x00800364        0x0 ../../src/kernel/source/nrk_stack_check.o
 .bss           0x00800364        0x0 ../../src/kernel/source/nrk_events.o
 .bss           0x00800364        0x0 ../../src/kernel/source/nrk_task.o
 .bss           0x00800364        0x0 ../../src/kernel/source/nrk_time.o
 .bss           0x00800364        0x0 ../../src/kernel/source/nrk_idle_task.o
 .bss           0x00800364        0x0 ../../src/kernel/source/nrk_scheduler.o
 .bss           0x00800364        0x0 ../../src/kernel/source/nrk_driver.o
 .bss           0x00800364        0x0 ../../src/kernel/source/nrk_reserve.o
 .bss           0x00800364        0x0 ../../src/kernel/hal/atmega1281/nrk_timer.o
 .bss           0x00800364        0x0 ../../src/kernel/hal/atmega1281/nrk_ext_int.o
 .bss           0x00800364        0x0 ../../src/kernel/hal/atmega1281/nrk_status.o
 .bss           0x00800364        0x0 ../../src/kernel/hal/atmega1281/nrk_watchdog.o
 .bss           0x00800364        0x0 ../../src/kernel/hal/atmega1281/nrk_cpu.o
 .bss           0x00800364        0x0 ../../src/kernel/hal/atmega1281/atmel_hw_specific.o
 .bss           0x00800364        0x0 /usr/local/lib/gcc/avr/4.4.2/../../../../avr/lib/avr51/libprintf_min.a(vfprintf_min.o)
 .bss           0x00800364        0x0 /usr/local/lib/gcc/avr/4.4.2/avr51/libgcc.a(_mulsi3.o)
 .bss           0x00800364        0x0 /usr/local/lib/gcc/avr/4.4.2/avr51/libgcc.a(_udivmodqi4.o)
 .bss           0x00800364        0x0 /usr/local/lib/gcc/avr/4.4.2/avr51/libgcc.a(_udivmodhi4.o)
 .bss           0x00800364        0x0 /usr/local/lib/gcc/avr/4.4.2/avr51/libgcc.a(_udivmodsi4.o)
 .bss           0x00800364        0x0 /usr/local/lib/gcc/avr/4.4.2/avr51/libgcc.a(_exit.o)
 .bss           0x00800364        0x0 /usr/local/lib/gcc/avr/4.4.2/avr51/libgcc.a(_copy_data.o)
 .bss           0x00800364        0x0 /usr/local/lib/gcc/avr/4.4.2/avr51/libgcc.a(_clear_bss.o)
 .bss           0x00800364        0x0 /usr/local/lib/gcc/avr/4.4.2/../../../../avr/lib/avr51/libc.a(strchr_P.o)
 .bss           0x00800364        0x0 /usr/local/lib/gcc/avr/4.4.2/../../../../avr/lib/avr51/libc.a(fdevopen.o)
 .bss           0x00800364        0x0 /usr/local/lib/gcc/avr/4.4.2/../../../../avr/lib/avr51/libc.a(fputc.o)
 .bss           0x00800364        0x0 /usr/local/lib/gcc/avr/4.4.2/../../../../avr/lib/avr51/libc.a(iob.o)
 .bss           0x00800364        0x0 /usr/local/lib/gcc/avr/4.4.2/../../../../avr/lib/avr51/libc.a(printf.o)
 .bss           0x00800364        0x0 /usr/local/lib/gcc/avr/4.4.2/../../../../avr/lib/avr51/libc.a(puts.o)
 .bss           0x00800364        0x0 /usr/local/lib/gcc/avr/4.4.2/../../../../avr/lib/avr51/libc.a(ultoa_invert.o)
 .bss           0x00800364        0x0 /usr/local/lib/gcc/avr/4.4.2/../../../../avr/lib/avr51/libc.a(eerd_byte_atmega1281.o)
 .bss           0x00800364        0x0 /usr/local/lib/gcc/avr/4.4.2/../../../../avr/lib/avr51/libc.a(eewr_byte_atmega1281.o)
 .bss           0x00800364        0x0 /usr/local/lib/gcc/avr/4.4.2/../../../../avr/lib/avr51/libc.a(calloc.o)
 .bss           0x00800364        0x0 /usr/local/lib/gcc/avr/4.4.2/../../../../avr/lib/avr51/libc.a(malloc.o)
 .bss           0x00800364        0x0 /usr/local/lib/gcc/avr/4.4.2/../../../../avr/lib/avr51/libc.a(memset.o)
 *(.bss*)
 *(COMMON)
 COMMON         0x00800364      0x745 main.o
                0x00800364                TaskFour
                0x00800387                app_timer0_callback
                0x00800389                Stack3
                0x00800489                error_task
                0x0080048a                _nrk_time_trigger
                0x0080048b                TaskOne
                0x008004ae                sectorbuffer
                0x008006ae                Stack2
                0x008007ae                _nrk_signal_list
                0x008007b2                TaskThree
                0x008007d5                Stack1
                0x00800901                nrk_kernel_stk_ptr
                0x00800903                app_timer0_prescale
                0x00800904                _nrk_prev_timer_val
                0x00800905                error_num
                0x00800906                nrk_idle_task_stk
                0x00800986                Stack4
                0x00800a86                TaskTwo
 COMMON         0x00800aa9       0x1b ../../src/radio/cc2420/source/basic_rf.o
                0x00800aa9                rx_ctr
                0x00800aad                radio_sem
                0x00800aaf                security_enable
                0x00800ab0                mdmctrl0
                0x00800ab2                rfSettings
                0x00800abb                tmp_blah
                0x00800abd                auto_ack_enable
                0x00800abe                last_pkt_encrypted
                0x00800abf                tx_ctr
                0x00800ac3                rx_ready
 COMMON         0x00800ac4       0xde ../../src/kernel/source/nrk.o
                0x00800ac4                _free_node
                0x00800ac6                nrk_task_TCB
                0x00800b6b                next_next_wakeup
                0x00800b6d                nrk_sem_list
                0x00800b70                nrk_task_init_cnt
                0x00800b71                nrk_wakeup_signal
                0x00800b72                nrk_high_ready_TCB
                0x00800b74                nrk_cur_task_prio
                0x00800b75                _nrk_cpu_state
                0x00800b76                _head_node
                0x00800b78                nrk_system_time
                0x00800b80                _nrk_resource_cnt
                0x00800b81                nrk_cur_task_TCB
                0x00800b83                nrk_high_ready_prio
                0x00800b84                _nrk_readyQ
 COMMON         0x00800ba2        0x8 ../../src/kernel/hal/atmega1281/nrk_ext_int.o
                0x00800ba2                ext_int1_callback
                0x00800ba4                ext_int0_callback
                0x00800ba6                ext_int2_callback
                0x00800ba8                pc_int0_callback
 COMMON         0x00800baa        0x6 /usr/local/lib/gcc/avr/4.4.2/../../../../avr/lib/avr51/libc.a(iob.o)
                0x00800baa                __iob
 COMMON         0x00800bb0        0x4 /usr/local/lib/gcc/avr/4.4.2/../../../../avr/lib/avr51/libc.a(malloc.o)
                0x00800bb0                __brkval
                0x00800bb2                __flp
                0x00800bb4                PROVIDE (__bss_end, .)
                0x00005806                __data_load_start = LOADADDR (.data)
                0x0000596a                __data_load_end = (__data_load_start + SIZEOF (.data))

.noinit         0x00800bb4        0x0
                0x00800bb4                PROVIDE (__noinit_start, .)
 *(.noinit*)
                0x00800bb4                PROVIDE (__noinit_end, .)
                0x00800bb4                _end = .
                0x00800bb4                PROVIDE (__heap_start, .)

.eeprom         0x00810000        0x0
 *(.eeprom*)
                0x00810000                __eeprom_end = .

.fuse
 *(.fuse)
 *(.lfuse)
 *(.hfuse)
 *(.efuse)

.lock
 *(.lock*)

.signature
 *(.signature*)

.stab           0x00000000     0xe04c
 *(.stab)
 .stab          0x00000000      0x6cc /usr/local/lib/gcc/avr/4.4.2/../../../../avr/lib/avr51/crtm1281.o
 .stab          0x000006cc      0xf3c main.o
                                0xf48 (size before relaxing)
 .stab          0x00001608      0xa74 mmc.o
                                0xcb4 (size before relaxing)
 .stab          0x0000207c      0x21c ../../src/radio/cc2420/source/hal_rf_set_channel.o
                                0x534 (size before relaxing)
 .stab          0x00002298      0x21c ../../src/radio/cc2420/source/hal_rf_wait_for_crystal_oscillator.o
                                0x534 (size before relaxing)
 .stab          0x000024b4     0x1c5c ../../src/radio/cc2420/source/basic_rf.o
                               0x2028 (size before relaxing)
 .stab          0x00004110      0xfcc ../../src/platform/firefly2_2/source/ulib.o
                               0x1338 (size before relaxing)
 .stab          0x000050dc      0x210 ../../src/platform/firefly2_2/source/hal_wait.o
                                0x528 (size before relaxing)
 .stab          0x000052ec      0x63c ../../src/platform/firefly2_2/source/nrk_eeprom.o
                                0x954 (size before relaxing)
 .stab          0x00005928      0x984 ../../src/kernel/source/nrk.o
                                0xcf0 (size before relaxing)
 .stab          0x000062ac      0x27c ../../src/kernel/source/nrk_stats.o
                                0x66c (size before relaxing)
 .stab          0x00006528      0x690 ../../src/kernel/source/nrk_error.o
                                0xa98 (size before relaxing)
 .stab          0x00006bb8      0x444 ../../src/kernel/source/nrk_stack_check.o
                                0x834 (size before relaxing)
 .stab          0x00006ffc      0xcc0 ../../src/kernel/source/nrk_events.o
                               0x108c (size before relaxing)
 .stab          0x00007cbc      0xfcc ../../src/kernel/source/nrk_task.o
                               0x1398 (size before relaxing)
 .stab          0x00008c88      0x750 ../../src/kernel/source/nrk_time.o
                                0xb04 (size before relaxing)
 .stab          0x000093d8      0x2d0 ../../src/kernel/source/nrk_idle_task.o
                                0x6d8 (size before relaxing)
 .stab          0x000096a8      0x6fc ../../src/kernel/source/nrk_scheduler.o
                                0xac8 (size before relaxing)
 .stab          0x00009da4       0xe4 ../../src/kernel/source/nrk_driver.o
                                 0xf0 (size before relaxing)
 .stab          0x00009e88       0xe4 ../../src/kernel/source/nrk_reserve.o
                                 0xf0 (size before relaxing)
 .stab          0x00009f6c      0xd5c ../../src/kernel/hal/atmega1281/nrk_timer.o
                               0x10a4 (size before relaxing)
 .stab          0x0000acc8      0x600 ../../src/kernel/hal/atmega1281/nrk_ext_int.o
                                0x930 (size before relaxing)
 .stab          0x0000b2c8      0x21c ../../src/kernel/hal/atmega1281/nrk_status.o
                                0x534 (size before relaxing)
 .stab          0x0000b4e4      0x39c ../../src/kernel/hal/atmega1281/nrk_watchdog.o
                                0x750 (size before relaxing)
 .stab          0x0000b880      0x738 ../../src/kernel/hal/atmega1281/nrk_cpu.o
                                0xb04 (size before relaxing)
 .stab          0x0000bfb8      0x204 ../../src/kernel/hal/atmega1281/atmel_hw_specific.o
                                0x210 (size before relaxing)
 .stab          0x0000c1bc      0x798 /usr/local/lib/gcc/avr/4.4.2/../../../../avr/lib/avr51/libprintf_min.a(vfprintf_min.o)
                                0x7e0 (size before relaxing)
 .stab          0x0000c954       0x9c /usr/local/lib/gcc/avr/4.4.2/../../../../avr/lib/avr51/libc.a(strchr_P.o)
                                 0xa8 (size before relaxing)
 .stab          0x0000c9f0      0x270 /usr/local/lib/gcc/avr/4.4.2/../../../../avr/lib/avr51/libc.a(fdevopen.o)
                                0x498 (size before relaxing)
 .stab          0x0000cc60      0x1d4 /usr/local/lib/gcc/avr/4.4.2/../../../../avr/lib/avr51/libc.a(fputc.o)
                                0x3b4 (size before relaxing)
 .stab          0x0000ce34      0x12c /usr/local/lib/gcc/avr/4.4.2/../../../../avr/lib/avr51/libc.a(iob.o)
                                0x30c (size before relaxing)
 .stab          0x0000cf60      0x18c /usr/local/lib/gcc/avr/4.4.2/../../../../avr/lib/avr51/libc.a(printf.o)
                                0x36c (size before relaxing)
 .stab          0x0000d0ec      0x1d4 /usr/local/lib/gcc/avr/4.4.2/../../../../avr/lib/avr51/libc.a(puts.o)
                                0x3b4 (size before relaxing)
 .stab          0x0000d2c0      0x480 /usr/local/lib/gcc/avr/4.4.2/../../../../avr/lib/avr51/libc.a(ultoa_invert.o)
                                0x48c (size before relaxing)
 .stab          0x0000d740       0x90 /usr/local/lib/gcc/avr/4.4.2/../../../../avr/lib/avr51/libc.a(eerd_byte_atmega1281.o)
                                 0x9c (size before relaxing)
 .stab          0x0000d7d0       0xe4 /usr/local/lib/gcc/avr/4.4.2/../../../../avr/lib/avr51/libc.a(eewr_byte_atmega1281.o)
                                 0xf0 (size before relaxing)
 .stab          0x0000d8b4      0x198 /usr/local/lib/gcc/avr/4.4.2/../../../../avr/lib/avr51/libc.a(calloc.o)
                                0x1d4 (size before relaxing)
 .stab          0x0000da4c      0x594 /usr/local/lib/gcc/avr/4.4.2/../../../../avr/lib/avr51/libc.a(malloc.o)
                                0x774 (size before relaxing)
 .stab          0x0000dfe0       0x6c /usr/local/lib/gcc/avr/4.4.2/../../../../avr/lib/avr51/libc.a(memset.o)
                                 0x78 (size before relaxing)

.stabstr        0x00000000     0x51f5
 *(.stabstr)
 .stabstr       0x00000000     0x51f5 /usr/local/lib/gcc/avr/4.4.2/../../../../avr/lib/avr51/crtm1281.o

.stab.excl
 *(.stab.excl)

.stab.exclstr
 *(.stab.exclstr)

.stab.index
 *(.stab.index)

.stab.indexstr
 *(.stab.indexstr)

.comment
 *(.comment)

.debug
 *(.debug)

.line
 *(.line)

.debug_srcinfo
 *(.debug_srcinfo)

.debug_sfnames
 *(.debug_sfnames)

.debug_aranges
 *(.debug_aranges)

.debug_pubnames
 *(.debug_pubnames)

.debug_info
 *(.debug_info)
 *(.gnu.linkonce.wi.*)

.debug_abbrev
 *(.debug_abbrev)

.debug_line
 *(.debug_line)

.debug_frame
 *(.debug_frame)

.debug_str
 *(.debug_str)

.debug_loc
 *(.debug_loc)

.debug_macinfo
 *(.debug_macinfo)
OUTPUT(main.elf elf32-avr)
LOAD linker stubs

Cross Reference Table

Symbol                                            File
NRK_ADC_INPUT_0                                   ../../src/platform/firefly2_2/source/ulib.o
NRK_ADC_INPUT_1                                   ../../src/platform/firefly2_2/source/ulib.o
NRK_ADC_INPUT_2                                   ../../src/platform/firefly2_2/source/ulib.o
NRK_ADC_INPUT_3                                   ../../src/platform/firefly2_2/source/ulib.o
NRK_ADC_INPUT_4                                   ../../src/platform/firefly2_2/source/ulib.o
NRK_ADC_INPUT_5                                   ../../src/platform/firefly2_2/source/ulib.o
NRK_ADC_INPUT_6                                   ../../src/platform/firefly2_2/source/ulib.o
NRK_ADC_INPUT_7                                   ../../src/platform/firefly2_2/source/ulib.o
NRK_BUTTON                                        ../../src/platform/firefly2_2/source/ulib.o
NRK_CCA                                           ../../src/platform/firefly2_2/source/ulib.o
NRK_DEBUG_0                                       ../../src/platform/firefly2_2/source/ulib.o
                                                  ../../src/radio/cc2420/source/basic_rf.o
NRK_DEBUG_1                                       ../../src/platform/firefly2_2/source/ulib.o
NRK_DEBUG_2                                       ../../src/platform/firefly2_2/source/ulib.o
NRK_DEBUG_3                                       ../../src/platform/firefly2_2/source/ulib.o
NRK_FIFOP                                         ../../src/platform/firefly2_2/source/ulib.o
NRK_GPIO26                                        ../../src/platform/firefly2_2/source/ulib.o
NRK_GPIO34                                        ../../src/platform/firefly2_2/source/ulib.o
NRK_LED_0                                         ../../src/platform/firefly2_2/source/ulib.o
NRK_LED_1                                         ../../src/platform/firefly2_2/source/ulib.o
NRK_LED_2                                         ../../src/platform/firefly2_2/source/ulib.o
NRK_LED_3                                         ../../src/platform/firefly2_2/source/ulib.o
NRK_MISO                                          ../../src/platform/firefly2_2/source/ulib.o
NRK_MMC_10                                        ../../src/platform/firefly2_2/source/ulib.o
NRK_MMC_11                                        ../../src/platform/firefly2_2/source/ulib.o
NRK_MMC_9                                         ../../src/platform/firefly2_2/source/ulib.o
NRK_MOSI                                          ../../src/platform/firefly2_2/source/ulib.o
NRK_SCK                                           ../../src/platform/firefly2_2/source/ulib.o
NRK_SFD                                           ../../src/platform/firefly2_2/source/ulib.o
NRK_SPI_SS                                        ../../src/platform/firefly2_2/source/ulib.o
NRK_UART0_RXD                                     ../../src/platform/firefly2_2/source/ulib.o
NRK_UART0_TXD                                     ../../src/platform/firefly2_2/source/ulib.o
NRK_UART1_RXD                                     ../../src/platform/firefly2_2/source/ulib.o
NRK_UART1_TXD                                     ../../src/platform/firefly2_2/source/ulib.o
PORT_INIT                                         ../../src/platform/firefly2_2/source/ulib.o
Stack1                                            main.o
Stack2                                            main.o
Stack3                                            main.o
Stack4                                            main.o
Task1                                             main.o
Task2                                             main.o
Task3                                             main.o
Task4                                             main.o
TaskFour                                          main.o
TaskOne                                           main.o
TaskThree                                         main.o
TaskTwo                                           main.o
__bad_interrupt                                   /usr/local/lib/gcc/avr/4.4.2/../../../../avr/lib/avr51/crtm1281.o
__brkval                                          /usr/local/lib/gcc/avr/4.4.2/../../../../avr/lib/avr51/libc.a(malloc.o)
__bss_end                                         /usr/local/lib/gcc/avr/4.4.2/avr51/libgcc.a(_clear_bss.o)
__bss_start                                       /usr/local/lib/gcc/avr/4.4.2/avr51/libgcc.a(_clear_bss.o)
__data_end                                        /usr/local/lib/gcc/avr/4.4.2/avr51/libgcc.a(_copy_data.o)
__data_load_start                                 /usr/local/lib/gcc/avr/4.4.2/avr51/libgcc.a(_copy_data.o)
__data_start                                      /usr/local/lib/gcc/avr/4.4.2/avr51/libgcc.a(_copy_data.o)
__do_clear_bss                                    /usr/local/lib/gcc/avr/4.4.2/avr51/libgcc.a(_clear_bss.o)
                                                  /usr/local/lib/gcc/avr/4.4.2/../../../../avr/lib/avr51/libc.a(malloc.o)
                                                  /usr/local/lib/gcc/avr/4.4.2/../../../../avr/lib/avr51/libc.a(calloc.o)
                                                  /usr/local/lib/gcc/avr/4.4.2/../../../../avr/lib/avr51/libc.a(puts.o)
                                                  /usr/local/lib/gcc/avr/4.4.2/../../../../avr/lib/avr51/libc.a(printf.o)
                                                  /usr/local/lib/gcc/avr/4.4.2/../../../../avr/lib/avr51/libc.a(iob.o)
                                                  /usr/local/lib/gcc/avr/4.4.2/../../../../avr/lib/avr51/libc.a(fputc.o)
                                                  /usr/local/lib/gcc/avr/4.4.2/../../../../avr/lib/avr51/libc.a(fdevopen.o)
                                                  /usr/local/lib/gcc/avr/4.4.2/../../../../avr/lib/avr51/libprintf_min.a(vfprintf_min.o)
                                                  ../../src/kernel/hal/atmega1281/nrk_cpu.o
                                                  ../../src/kernel/hal/atmega1281/nrk_watchdog.o
                                                  ../../src/kernel/hal/atmega1281/nrk_status.o
                                                  ../../src/kernel/hal/atmega1281/nrk_ext_int.o
                                                  ../../src/kernel/hal/atmega1281/nrk_timer.o
                                                  ../../src/kernel/source/nrk_reserve.o
                                                  ../../src/kernel/source/nrk_driver.o
                                                  ../../src/kernel/source/nrk_scheduler.o
                                                  ../../src/kernel/source/nrk_idle_task.o
                                                  ../../src/kernel/source/nrk_time.o
                                                  ../../src/kernel/source/nrk_task.o
                                                  ../../src/kernel/source/nrk_events.o
                                                  ../../src/kernel/source/nrk_stack_check.o
                                                  ../../src/kernel/source/nrk_error.o
                                                  ../../src/kernel/source/nrk_stats.o
                                                  ../../src/kernel/source/nrk.o
                                                  ../../src/platform/firefly2_2/source/nrk_eeprom.o
                                                  ../../src/platform/firefly2_2/source/hal_wait.o
                                                  ../../src/platform/firefly2_2/source/ulib.o
                                                  ../../src/radio/cc2420/source/basic_rf.o
                                                  ../../src/radio/cc2420/source/hal_rf_wait_for_crystal_oscillator.o
                                                  ../../src/radio/cc2420/source/hal_rf_set_channel.o
                                                  mmc.o
                                                  main.o
__do_copy_data                                    /usr/local/lib/gcc/avr/4.4.2/avr51/libgcc.a(_copy_data.o)
                                                  /usr/local/lib/gcc/avr/4.4.2/../../../../avr/lib/avr51/libc.a(malloc.o)
                                                  /usr/local/lib/gcc/avr/4.4.2/../../../../avr/lib/avr51/libc.a(calloc.o)
                                                  /usr/local/lib/gcc/avr/4.4.2/../../../../avr/lib/avr51/libc.a(puts.o)
                                                  /usr/local/lib/gcc/avr/4.4.2/../../../../avr/lib/avr51/libc.a(printf.o)
                                                  /usr/local/lib/gcc/avr/4.4.2/../../../../avr/lib/avr51/libc.a(iob.o)
                                                  /usr/local/lib/gcc/avr/4.4.2/../../../../avr/lib/avr51/libc.a(fputc.o)
                                                  /usr/local/lib/gcc/avr/4.4.2/../../../../avr/lib/avr51/libc.a(fdevopen.o)
                                                  /usr/local/lib/gcc/avr/4.4.2/../../../../avr/lib/avr51/libprintf_min.a(vfprintf_min.o)
                                                  ../../src/kernel/hal/atmega1281/nrk_cpu.o
                                                  ../../src/kernel/hal/atmega1281/nrk_watchdog.o
                                                  ../../src/kernel/hal/atmega1281/nrk_status.o
                                                  ../../src/kernel/hal/atmega1281/nrk_ext_int.o
                                                  ../../src/kernel/hal/atmega1281/nrk_timer.o
                                                  ../../src/kernel/source/nrk_reserve.o
                                                  ../../src/kernel/source/nrk_driver.o
                                                  ../../src/kernel/source/nrk_scheduler.o
                                                  ../../src/kernel/source/nrk_idle_task.o
                                                  ../../src/kernel/source/nrk_time.o
                                                  ../../src/kernel/source/nrk_task.o
                                                  ../../src/kernel/source/nrk_events.o
                                                  ../../src/kernel/source/nrk_stack_check.o
                                                  ../../src/kernel/source/nrk_error.o
                                                  ../../src/kernel/source/nrk_stats.o
                                                  ../../src/kernel/source/nrk.o
                                                  ../../src/platform/firefly2_2/source/nrk_eeprom.o
                                                  ../../src/platform/firefly2_2/source/hal_wait.o
                                                  ../../src/platform/firefly2_2/source/ulib.o
                                                  ../../src/radio/cc2420/source/basic_rf.o
                                                  ../../src/radio/cc2420/source/hal_rf_wait_for_crystal_oscillator.o
                                                  ../../src/radio/cc2420/source/hal_rf_set_channel.o
                                                  mmc.o
                                                  main.o
__eerd_byte_m1281                                 /usr/local/lib/gcc/avr/4.4.2/../../../../avr/lib/avr51/libc.a(eerd_byte_atmega1281.o)
                                                  ../../src/platform/firefly2_2/source/nrk_eeprom.o
__eewr_byte_m1281                                 /usr/local/lib/gcc/avr/4.4.2/../../../../avr/lib/avr51/libc.a(eewr_byte_atmega1281.o)
                                                  ../../src/platform/firefly2_2/source/nrk_eeprom.o
__eewr_r18_m1281                                  /usr/local/lib/gcc/avr/4.4.2/../../../../avr/lib/avr51/libc.a(eewr_byte_atmega1281.o)
__flp                                             /usr/local/lib/gcc/avr/4.4.2/../../../../avr/lib/avr51/libc.a(malloc.o)
__heap_end                                        /usr/local/lib/gcc/avr/4.4.2/../../../../avr/lib/avr51/crtm1281.o
                                                  /usr/local/lib/gcc/avr/4.4.2/../../../../avr/lib/avr51/libc.a(malloc.o)
__heap_start                                      /usr/local/lib/gcc/avr/4.4.2/../../../../avr/lib/avr51/libc.a(malloc.o)
__init                                            /usr/local/lib/gcc/avr/4.4.2/../../../../avr/lib/avr51/crtm1281.o
__iob                                             /usr/local/lib/gcc/avr/4.4.2/../../../../avr/lib/avr51/libc.a(puts.o)
                                                  /usr/local/lib/gcc/avr/4.4.2/../../../../avr/lib/avr51/libc.a(printf.o)
                                                  /usr/local/lib/gcc/avr/4.4.2/../../../../avr/lib/avr51/libc.a(iob.o)
                                                  /usr/local/lib/gcc/avr/4.4.2/../../../../avr/lib/avr51/libc.a(fdevopen.o)
                                                  ../../src/kernel/source/nrk_error.o
                                                  ../../src/platform/firefly2_2/source/ulib.o
                                                  mmc.o
                                                  main.o
__malloc_heap_end                                 /usr/local/lib/gcc/avr/4.4.2/../../../../avr/lib/avr51/libc.a(malloc.o)
__malloc_heap_start                               /usr/local/lib/gcc/avr/4.4.2/../../../../avr/lib/avr51/libc.a(malloc.o)
__malloc_margin                                   /usr/local/lib/gcc/avr/4.4.2/../../../../avr/lib/avr51/libc.a(malloc.o)
__mulsi3                                          /usr/local/lib/gcc/avr/4.4.2/avr51/libgcc.a(_mulsi3.o)
                                                  ../../src/kernel/source/nrk_scheduler.o
                                                  ../../src/kernel/source/nrk_time.o
__stack                                           /usr/local/lib/gcc/avr/4.4.2/../../../../avr/lib/avr51/crtm1281.o
__udivmodhi4                                      /usr/local/lib/gcc/avr/4.4.2/avr51/libgcc.a(_udivmodhi4.o)
                                                  ../../src/kernel/source/nrk_scheduler.o
__udivmodqi4                                      /usr/local/lib/gcc/avr/4.4.2/avr51/libgcc.a(_udivmodqi4.o)
                                                  mmc.o
__udivmodsi4                                      /usr/local/lib/gcc/avr/4.4.2/avr51/libgcc.a(_udivmodsi4.o)
                                                  ../../src/kernel/source/nrk_scheduler.o
                                                  ../../src/kernel/source/nrk_time.o
__ultoa_invert                                    /usr/local/lib/gcc/avr/4.4.2/../../../../avr/lib/avr51/libc.a(ultoa_invert.o)
                                                  /usr/local/lib/gcc/avr/4.4.2/../../../../avr/lib/avr51/libprintf_min.a(vfprintf_min.o)
__vector_1                                        ../../src/kernel/hal/atmega1281/nrk_ext_int.o
                                                  /usr/local/lib/gcc/avr/4.4.2/../../../../avr/lib/avr51/crtm1281.o
__vector_10                                       /usr/local/lib/gcc/avr/4.4.2/../../../../avr/lib/avr51/crtm1281.o
__vector_11                                       /usr/local/lib/gcc/avr/4.4.2/../../../../avr/lib/avr51/crtm1281.o
__vector_12                                       /usr/local/lib/gcc/avr/4.4.2/../../../../avr/lib/avr51/crtm1281.o
__vector_13                                       ../../src/kernel/hal/atmega1281/nrk_timer.o
                                                  /usr/local/lib/gcc/avr/4.4.2/../../../../avr/lib/avr51/crtm1281.o
__vector_14                                       /usr/local/lib/gcc/avr/4.4.2/../../../../avr/lib/avr51/crtm1281.o
__vector_15                                       ../../src/kernel/hal/atmega1281/nrk_timer.o
                                                  /usr/local/lib/gcc/avr/4.4.2/../../../../avr/lib/avr51/crtm1281.o
__vector_16                                       /usr/local/lib/gcc/avr/4.4.2/../../../../avr/lib/avr51/crtm1281.o
__vector_17                                       ../../src/kernel/hal/atmega1281/nrk_timer.o
                                                  /usr/local/lib/gcc/avr/4.4.2/../../../../avr/lib/avr51/crtm1281.o
__vector_18                                       /usr/local/lib/gcc/avr/4.4.2/../../../../avr/lib/avr51/crtm1281.o
__vector_19                                       /usr/local/lib/gcc/avr/4.4.2/../../../../avr/lib/avr51/crtm1281.o
__vector_2                                        /usr/local/lib/gcc/avr/4.4.2/../../../../avr/lib/avr51/crtm1281.o
__vector_20                                       /usr/local/lib/gcc/avr/4.4.2/../../../../avr/lib/avr51/crtm1281.o
__vector_21                                       /usr/local/lib/gcc/avr/4.4.2/../../../../avr/lib/avr51/crtm1281.o
__vector_22                                       /usr/local/lib/gcc/avr/4.4.2/../../../../avr/lib/avr51/crtm1281.o
__vector_23                                       /usr/local/lib/gcc/avr/4.4.2/../../../../avr/lib/avr51/crtm1281.o
__vector_24                                       /usr/local/lib/gcc/avr/4.4.2/../../../../avr/lib/avr51/crtm1281.o
__vector_25                                       /usr/local/lib/gcc/avr/4.4.2/../../../../avr/lib/avr51/crtm1281.o
__vector_26                                       /usr/local/lib/gcc/avr/4.4.2/../../../../avr/lib/avr51/crtm1281.o
__vector_27                                       /usr/local/lib/gcc/avr/4.4.2/../../../../avr/lib/avr51/crtm1281.o
__vector_28                                       /usr/local/lib/gcc/avr/4.4.2/../../../../avr/lib/avr51/crtm1281.o
__vector_29                                       /usr/local/lib/gcc/avr/4.4.2/../../../../avr/lib/avr51/crtm1281.o
__vector_3                                        /usr/local/lib/gcc/avr/4.4.2/../../../../avr/lib/avr51/crtm1281.o
__vector_30                                       /usr/local/lib/gcc/avr/4.4.2/../../../../avr/lib/avr51/crtm1281.o
__vector_31                                       /usr/local/lib/gcc/avr/4.4.2/../../../../avr/lib/avr51/crtm1281.o
__vector_32                                       ../../src/kernel/hal/atmega1281/nrk_timer.o
                                                  /usr/local/lib/gcc/avr/4.4.2/../../../../avr/lib/avr51/crtm1281.o
__vector_33                                       /usr/local/lib/gcc/avr/4.4.2/../../../../avr/lib/avr51/crtm1281.o
__vector_34                                       /usr/local/lib/gcc/avr/4.4.2/../../../../avr/lib/avr51/crtm1281.o
__vector_35                                       /usr/local/lib/gcc/avr/4.4.2/../../../../avr/lib/avr51/crtm1281.o
__vector_36                                       /usr/local/lib/gcc/avr/4.4.2/../../../../avr/lib/avr51/crtm1281.o
__vector_37                                       /usr/local/lib/gcc/avr/4.4.2/../../../../avr/lib/avr51/crtm1281.o
__vector_38                                       /usr/local/lib/gcc/avr/4.4.2/../../../../avr/lib/avr51/crtm1281.o
__vector_39                                       /usr/local/lib/gcc/avr/4.4.2/../../../../avr/lib/avr51/crtm1281.o
__vector_4                                        /usr/local/lib/gcc/avr/4.4.2/../../../../avr/lib/avr51/crtm1281.o
__vector_40                                       /usr/local/lib/gcc/avr/4.4.2/../../../../avr/lib/avr51/crtm1281.o
__vector_41                                       /usr/local/lib/gcc/avr/4.4.2/../../../../avr/lib/avr51/crtm1281.o
__vector_42                                       /usr/local/lib/gcc/avr/4.4.2/../../../../avr/lib/avr51/crtm1281.o
__vector_43                                       /usr/local/lib/gcc/avr/4.4.2/../../../../avr/lib/avr51/crtm1281.o
__vector_44                                       /usr/local/lib/gcc/avr/4.4.2/../../../../avr/lib/avr51/crtm1281.o
__vector_45                                       /usr/local/lib/gcc/avr/4.4.2/../../../../avr/lib/avr51/crtm1281.o
__vector_46                                       /usr/local/lib/gcc/avr/4.4.2/../../../../avr/lib/avr51/crtm1281.o
__vector_47                                       /usr/local/lib/gcc/avr/4.4.2/../../../../avr/lib/avr51/crtm1281.o
__vector_48                                       /usr/local/lib/gcc/avr/4.4.2/../../../../avr/lib/avr51/crtm1281.o
__vector_49                                       /usr/local/lib/gcc/avr/4.4.2/../../../../avr/lib/avr51/crtm1281.o
__vector_5                                        /usr/local/lib/gcc/avr/4.4.2/../../../../avr/lib/avr51/crtm1281.o
__vector_50                                       /usr/local/lib/gcc/avr/4.4.2/../../../../avr/lib/avr51/crtm1281.o
__vector_6                                        /usr/local/lib/gcc/avr/4.4.2/../../../../avr/lib/avr51/crtm1281.o
__vector_7                                        /usr/local/lib/gcc/avr/4.4.2/../../../../avr/lib/avr51/crtm1281.o
__vector_8                                        /usr/local/lib/gcc/avr/4.4.2/../../../../avr/lib/avr51/crtm1281.o
__vector_9                                        ../../src/kernel/hal/atmega1281/nrk_ext_int.o
                                                  /usr/local/lib/gcc/avr/4.4.2/../../../../avr/lib/avr51/crtm1281.o
__vector_default                                  ../../src/kernel/hal/atmega1281/nrk_timer.o
                                                  /usr/local/lib/gcc/avr/4.4.2/../../../../avr/lib/avr51/crtm1281.o
__vectors                                         /usr/local/lib/gcc/avr/4.4.2/../../../../avr/lib/avr51/crtm1281.o
_exit                                             /usr/local/lib/gcc/avr/4.4.2/avr51/libgcc.a(_exit.o)
_free_node                                        ../../src/kernel/hal/atmega1281/nrk_cpu.o
                                                  ../../src/kernel/source/nrk_scheduler.o
                                                  ../../src/kernel/source/nrk_task.o
                                                  ../../src/kernel/source/nrk_events.o
                                                  ../../src/kernel/source/nrk_stats.o
                                                  ../../src/kernel/source/nrk.o
_head_node                                        ../../src/kernel/hal/atmega1281/nrk_cpu.o
                                                  ../../src/kernel/source/nrk_scheduler.o
                                                  ../../src/kernel/source/nrk_task.o
                                                  ../../src/kernel/source/nrk_events.o
                                                  ../../src/kernel/source/nrk_stats.o
                                                  ../../src/kernel/source/nrk.o
_nrk_cpu_state                                    ../../src/kernel/source/nrk_scheduler.o
                                                  ../../src/kernel/source/nrk_idle_task.o
                                                  ../../src/kernel/source/nrk_task.o
                                                  ../../src/kernel/source/nrk_events.o
                                                  ../../src/kernel/source/nrk.o
_nrk_errno_set                                    ../../src/kernel/source/nrk_error.o
                                                  ../../src/kernel/source/nrk_events.o
_nrk_get_next_wakeup                              ../../src/kernel/hal/atmega1281/nrk_timer.o
                                                  ../../src/kernel/source/nrk_idle_task.o
                                                  ../../src/kernel/source/nrk_task.o
_nrk_high_speed_timer_get                         ../../src/kernel/hal/atmega1281/nrk_timer.o
                                                  ../../src/kernel/source/nrk_scheduler.o
_nrk_high_speed_timer_reset                       ../../src/kernel/hal/atmega1281/nrk_timer.o
                                                  ../../src/kernel/source/nrk_scheduler.o
_nrk_high_speed_timer_start                       ../../src/kernel/hal/atmega1281/nrk_timer.o
_nrk_high_speed_timer_stop                        ../../src/kernel/hal/atmega1281/nrk_timer.o
_nrk_os_timer_get                                 ../../src/kernel/hal/atmega1281/nrk_timer.o
                                                  ../../src/kernel/source/nrk_scheduler.o
                                                  ../../src/kernel/source/nrk_time.o
                                                  ../../src/kernel/source/nrk_task.o
                                                  ../../src/radio/cc2420/source/basic_rf.o
_nrk_os_timer_reset                               ../../src/kernel/hal/atmega1281/nrk_timer.o
_nrk_os_timer_set                                 ../../src/kernel/hal/atmega1281/nrk_timer.o
_nrk_os_timer_start                               ../../src/kernel/hal/atmega1281/nrk_timer.o
_nrk_os_timer_stop                                ../../src/kernel/hal/atmega1281/nrk_timer.o
_nrk_prev_timer_val                               ../../src/kernel/hal/atmega1281/nrk_cpu.o
                                                  ../../src/kernel/hal/atmega1281/nrk_timer.o
                                                  ../../src/kernel/source/nrk_scheduler.o
                                                  ../../src/kernel/source/nrk_idle_task.o
                                                  ../../src/kernel/source/nrk_time.o
                                                  ../../src/kernel/source/nrk_task.o
                                                  ../../src/kernel/source/nrk_events.o
                                                  ../../src/kernel/source/nrk_error.o
                                                  ../../src/radio/cc2420/source/basic_rf.o
                                                  main.o
_nrk_readyQ                                       ../../src/kernel/hal/atmega1281/nrk_cpu.o
                                                  ../../src/kernel/source/nrk_scheduler.o
                                                  ../../src/kernel/source/nrk_events.o
                                                  ../../src/kernel/source/nrk_stats.o
                                                  ../../src/kernel/source/nrk.o
_nrk_resource_cnt                                 ../../src/kernel/hal/atmega1281/nrk_cpu.o
                                                  ../../src/kernel/source/nrk_scheduler.o
                                                  ../../src/kernel/source/nrk_events.o
                                                  ../../src/kernel/source/nrk_stats.o
                                                  ../../src/kernel/source/nrk.o
_nrk_scheduler                                    ../../src/kernel/source/nrk_scheduler.o
                                                  ../../src/kernel/source/nrk.o
_nrk_set_next_wakeup                              ../../src/kernel/hal/atmega1281/nrk_timer.o
                                                  ../../src/kernel/source/nrk_scheduler.o
                                                  ../../src/kernel/source/nrk_task.o
_nrk_setup_timer                                  ../../src/kernel/hal/atmega1281/nrk_timer.o
                                                  ../../src/kernel/hal/atmega1281/nrk_cpu.o
_nrk_signal_list                                  ../../src/kernel/hal/atmega1281/nrk_cpu.o
                                                  ../../src/kernel/hal/atmega1281/nrk_watchdog.o
                                                  ../../src/kernel/hal/atmega1281/nrk_status.o
                                                  ../../src/kernel/hal/atmega1281/nrk_ext_int.o
                                                  ../../src/kernel/hal/atmega1281/nrk_timer.o
                                                  ../../src/kernel/source/nrk_scheduler.o
                                                  ../../src/kernel/source/nrk_idle_task.o
                                                  ../../src/kernel/source/nrk_time.o
                                                  ../../src/kernel/source/nrk_task.o
                                                  ../../src/kernel/source/nrk_events.o
                                                  ../../src/kernel/source/nrk_stack_check.o
                                                  ../../src/kernel/source/nrk_error.o
                                                  ../../src/kernel/source/nrk_stats.o
                                                  ../../src/kernel/source/nrk.o
                                                  ../../src/platform/firefly2_2/source/nrk_eeprom.o
                                                  ../../src/platform/firefly2_2/source/hal_wait.o
                                                  ../../src/platform/firefly2_2/source/ulib.o
                                                  ../../src/radio/cc2420/source/basic_rf.o
                                                  ../../src/radio/cc2420/source/hal_rf_wait_for_crystal_oscillator.o
                                                  ../../src/radio/cc2420/source/hal_rf_set_channel.o
                                                  main.o
_nrk_startup_ok                                   ../../src/kernel/hal/atmega1281/nrk_status.o
                                                  ../../src/kernel/source/nrk.o
_nrk_ticks_to_time                                ../../src/kernel/source/nrk_time.o
_nrk_time_to_ticks                                ../../src/kernel/source/nrk_time.o
                                                  ../../src/kernel/source/nrk_task.o
                                                  ../../src/kernel/source/nrk.o
_nrk_time_to_ticks_long                           ../../src/kernel/source/nrk_time.o
_nrk_time_trigger                                 ../../src/kernel/hal/atmega1281/nrk_cpu.o
                                                  ../../src/kernel/hal/atmega1281/nrk_timer.o
                                                  ../../src/kernel/source/nrk_scheduler.o
                                                  ../../src/kernel/source/nrk_idle_task.o
                                                  ../../src/kernel/source/nrk_time.o
                                                  ../../src/kernel/source/nrk_task.o
                                                  ../../src/kernel/source/nrk_events.o
                                                  ../../src/kernel/source/nrk_error.o
                                                  ../../src/radio/cc2420/source/basic_rf.o
                                                  main.o
_nrk_timer_tick                                   ../../src/kernel/source/nrk.o
                                                  ../../src/kernel/hal/atmega1281/nrk_cpu.o
_nrk_wait_for_scheduler                           ../../src/kernel/source/nrk_task.o
app_timer0_callback                               ../../src/kernel/hal/atmega1281/nrk_cpu.o
                                                  ../../src/kernel/hal/atmega1281/nrk_timer.o
                                                  ../../src/kernel/source/nrk_scheduler.o
                                                  ../../src/kernel/source/nrk_idle_task.o
                                                  ../../src/kernel/source/nrk_time.o
                                                  ../../src/kernel/source/nrk_task.o
                                                  ../../src/kernel/source/nrk_events.o
                                                  ../../src/kernel/source/nrk_error.o
                                                  ../../src/radio/cc2420/source/basic_rf.o
                                                  main.o
app_timer0_prescale                               ../../src/kernel/hal/atmega1281/nrk_cpu.o
                                                  ../../src/kernel/hal/atmega1281/nrk_timer.o
                                                  ../../src/kernel/source/nrk_scheduler.o
                                                  ../../src/kernel/source/nrk_idle_task.o
                                                  ../../src/kernel/source/nrk_time.o
                                                  ../../src/kernel/source/nrk_task.o
                                                  ../../src/kernel/source/nrk_events.o
                                                  ../../src/kernel/source/nrk_error.o
                                                  ../../src/radio/cc2420/source/basic_rf.o
                                                  main.o
auto_ack_enable                                   ../../src/radio/cc2420/source/basic_rf.o
calloc                                            /usr/local/lib/gcc/avr/4.4.2/../../../../avr/lib/avr51/libc.a(calloc.o)
                                                  /usr/local/lib/gcc/avr/4.4.2/../../../../avr/lib/avr51/libc.a(fdevopen.o)
dump_stack_info                                   ../../src/kernel/source/nrk_stack_check.o
error_num                                         ../../src/kernel/hal/atmega1281/nrk_cpu.o
                                                  ../../src/kernel/hal/atmega1281/nrk_watchdog.o
                                                  ../../src/kernel/hal/atmega1281/nrk_ext_int.o
                                                  ../../src/kernel/hal/atmega1281/nrk_timer.o
                                                  ../../src/kernel/source/nrk_scheduler.o
                                                  ../../src/kernel/source/nrk_idle_task.o
                                                  ../../src/kernel/source/nrk_task.o
                                                  ../../src/kernel/source/nrk_events.o
                                                  ../../src/kernel/source/nrk_stack_check.o
                                                  ../../src/kernel/source/nrk_error.o
                                                  ../../src/kernel/source/nrk_stats.o
                                                  ../../src/kernel/source/nrk.o
                                                  ../../src/platform/firefly2_2/source/nrk_eeprom.o
                                                  ../../src/platform/firefly2_2/source/ulib.o
                                                  ../../src/radio/cc2420/source/basic_rf.o
                                                  main.o
error_task                                        ../../src/kernel/hal/atmega1281/nrk_cpu.o
                                                  ../../src/kernel/hal/atmega1281/nrk_watchdog.o
                                                  ../../src/kernel/hal/atmega1281/nrk_ext_int.o
                                                  ../../src/kernel/hal/atmega1281/nrk_timer.o
                                                  ../../src/kernel/source/nrk_scheduler.o
                                                  ../../src/kernel/source/nrk_idle_task.o
                                                  ../../src/kernel/source/nrk_task.o
                                                  ../../src/kernel/source/nrk_events.o
                                                  ../../src/kernel/source/nrk_stack_check.o
                                                  ../../src/kernel/source/nrk_error.o
                                                  ../../src/kernel/source/nrk_stats.o
                                                  ../../src/kernel/source/nrk.o
                                                  ../../src/platform/firefly2_2/source/nrk_eeprom.o
                                                  ../../src/platform/firefly2_2/source/ulib.o
                                                  ../../src/radio/cc2420/source/basic_rf.o
                                                  main.o
exit                                              /usr/local/lib/gcc/avr/4.4.2/avr51/libgcc.a(_exit.o)
                                                  /usr/local/lib/gcc/avr/4.4.2/../../../../avr/lib/avr51/crtm1281.o
ext_int0_callback                                 ../../src/kernel/hal/atmega1281/nrk_ext_int.o
ext_int1_callback                                 ../../src/kernel/hal/atmega1281/nrk_ext_int.o
ext_int2_callback                                 ../../src/kernel/hal/atmega1281/nrk_ext_int.o
fdevopen                                          /usr/local/lib/gcc/avr/4.4.2/../../../../avr/lib/avr51/libc.a(fdevopen.o)
                                                  ../../src/platform/firefly2_2/source/ulib.o
fputc                                             /usr/local/lib/gcc/avr/4.4.2/../../../../avr/lib/avr51/libc.a(fputc.o)
                                                  /usr/local/lib/gcc/avr/4.4.2/../../../../avr/lib/avr51/libprintf_min.a(vfprintf_min.o)
                                                  ../../src/kernel/source/nrk_error.o
                                                  ../../src/platform/firefly2_2/source/ulib.o
                                                  mmc.o
                                                  main.o
free                                              /usr/local/lib/gcc/avr/4.4.2/../../../../avr/lib/avr51/libc.a(malloc.o)
getc0                                             ../../src/platform/firefly2_2/source/ulib.o
getc1                                             ../../src/platform/firefly2_2/source/ulib.o
halRfSetChannel                                   ../../src/radio/cc2420/source/hal_rf_set_channel.o
                                                  ../../src/radio/cc2420/source/basic_rf.o
halRfWaitForCrystalOscillator                     ../../src/radio/cc2420/source/hal_rf_wait_for_crystal_oscillator.o
                                                  ../../src/radio/cc2420/source/basic_rf.o
halWait                                           ../../src/platform/firefly2_2/source/hal_wait.o
                                                  ../../src/radio/cc2420/source/basic_rf.o
kill_stack                                        main.o
last_pkt_encrypted                                ../../src/radio/cc2420/source/basic_rf.o
main                                              main.o
                                                  /usr/local/lib/gcc/avr/4.4.2/../../../../avr/lib/avr51/crtm1281.o
malloc                                            /usr/local/lib/gcc/avr/4.4.2/../../../../avr/lib/avr51/libc.a(malloc.o)
                                                  /usr/local/lib/gcc/avr/4.4.2/../../../../avr/lib/avr51/libc.a(calloc.o)
mdmctrl0                                          ../../src/radio/cc2420/source/basic_rf.o
memset                                            /usr/local/lib/gcc/avr/4.4.2/../../../../avr/lib/avr51/libc.a(memset.o)
                                                  /usr/local/lib/gcc/avr/4.4.2/../../../../avr/lib/avr51/libc.a(calloc.o)
mmc_card_detect                                   mmc.o
mmc_clock_and_release                             mmc.o
mmc_datatoken                                     mmc.o
mmc_get                                           mmc.o
mmc_init                                          mmc.o
                                                  main.o
mmc_readsector                                    mmc.o
                                                  main.o
mmc_send_command                                  mmc.o
mmc_writesector                                   mmc.o
                                                  main.o
next_next_wakeup                                  ../../src/kernel/source/nrk_scheduler.o
                                                  ../../src/kernel/source/nrk_idle_task.o
                                                  ../../src/kernel/source/nrk_task.o
                                                  ../../src/kernel/source/nrk_events.o
                                                  ../../src/kernel/source/nrk.o
nrk_TCB_init                                      ../../src/kernel/source/nrk.o
                                                  ../../src/kernel/source/nrk_task.o
nrk_activate_task                                 ../../src/kernel/source/nrk_task.o
                                                  ../../src/kernel/source/nrk.o
                                                  main.o
nrk_add_to_readyQ                                 ../../src/kernel/source/nrk_task.o
                                                  ../../src/kernel/source/nrk_scheduler.o
nrk_battery_save                                  ../../src/kernel/hal/atmega1281/nrk_cpu.o
nrk_create_taskset                                main.o
nrk_cur_task_TCB                                  ../../src/kernel/hal/atmega1281/nrk_cpu.o
                                                  ../../src/kernel/hal/atmega1281/nrk_timer.o
                                                  ../../src/kernel/source/nrk_scheduler.o
                                                  ../../src/kernel/source/nrk_task.o
                                                  ../../src/kernel/source/nrk_events.o
                                                  ../../src/kernel/source/nrk_stack_check.o
                                                  ../../src/kernel/source/nrk_error.o
                                                  ../../src/kernel/source/nrk_stats.o
                                                  ../../src/kernel/source/nrk.o
nrk_cur_task_prio                                 ../../src/kernel/hal/atmega1281/nrk_cpu.o
                                                  ../../src/kernel/source/nrk_scheduler.o
                                                  ../../src/kernel/source/nrk_events.o
                                                  ../../src/kernel/source/nrk_stats.o
                                                  ../../src/kernel/source/nrk.o
nrk_eeprom_read_byte                              ../../src/platform/firefly2_2/source/nrk_eeprom.o
nrk_eeprom_write_byte                             ../../src/platform/firefly2_2/source/nrk_eeprom.o
nrk_errno_get                                     ../../src/kernel/source/nrk_error.o
nrk_error_add                                     ../../src/kernel/source/nrk_error.o
                                                  ../../src/kernel/hal/atmega1281/nrk_cpu.o
                                                  ../../src/kernel/source/nrk_idle_task.o
                                                  ../../src/kernel/source/nrk_stack_check.o
nrk_error_get                                     ../../src/kernel/source/nrk_error.o
nrk_error_print                                   ../../src/kernel/source/nrk_error.o
nrk_event_signal                                  ../../src/kernel/source/nrk_events.o
nrk_event_wait                                    ../../src/kernel/source/nrk_events.o
nrk_ext_int_configure                             ../../src/kernel/hal/atmega1281/nrk_ext_int.o
nrk_ext_int_disable                               ../../src/kernel/hal/atmega1281/nrk_ext_int.o
nrk_ext_int_enable                                ../../src/kernel/hal/atmega1281/nrk_ext_int.o
nrk_get_button                                    ../../src/platform/firefly2_2/source/ulib.o
nrk_get_high_ready_task_ID                        ../../src/kernel/source/nrk_task.o
                                                  ../../src/kernel/source/nrk_scheduler.o
                                                  ../../src/kernel/source/nrk.o
nrk_get_pid                                       ../../src/kernel/source/nrk_task.o
                                                  main.o
nrk_get_resource_index                            ../../src/kernel/source/nrk_events.o
nrk_gpio_clr                                      ../../src/platform/firefly2_2/source/ulib.o
nrk_gpio_direction                                ../../src/platform/firefly2_2/source/ulib.o
nrk_gpio_get                                      ../../src/platform/firefly2_2/source/ulib.o
nrk_gpio_pullups                                  ../../src/platform/firefly2_2/source/ulib.o
nrk_gpio_set                                      ../../src/platform/firefly2_2/source/ulib.o
                                                  ../../src/radio/cc2420/source/basic_rf.o
nrk_gpio_toggle                                   ../../src/platform/firefly2_2/source/ulib.o
nrk_halt                                          ../../src/kernel/source/nrk.o
nrk_high_ready_TCB                                ../../src/kernel/hal/atmega1281/atmel_hw_specific.o
                                                  ../../src/kernel/hal/atmega1281/nrk_cpu.o
                                                  ../../src/kernel/source/nrk_scheduler.o
                                                  ../../src/kernel/source/nrk_events.o
                                                  ../../src/kernel/source/nrk_stats.o
                                                  ../../src/kernel/source/nrk.o
nrk_high_ready_prio                               ../../src/kernel/hal/atmega1281/nrk_cpu.o
                                                  ../../src/kernel/source/nrk_scheduler.o
                                                  ../../src/kernel/source/nrk_events.o
                                                  ../../src/kernel/source/nrk_stats.o
                                                  ../../src/kernel/source/nrk.o
nrk_high_speed_timer_wait                         ../../src/kernel/hal/atmega1281/nrk_timer.o
                                                  ../../src/kernel/source/nrk_scheduler.o
                                                  ../../src/radio/cc2420/source/basic_rf.o
nrk_idle                                          ../../src/kernel/hal/atmega1281/nrk_cpu.o
                                                  ../../src/kernel/source/nrk_idle_task.o
                                                  ../../src/kernel/source/nrk_task.o
nrk_idle_task                                     ../../src/kernel/source/nrk_idle_task.o
                                                  ../../src/kernel/source/nrk.o
nrk_idle_task_stk                                 ../../src/kernel/hal/atmega1281/nrk_cpu.o
                                                  ../../src/kernel/hal/atmega1281/nrk_watchdog.o
                                                  ../../src/kernel/source/nrk_scheduler.o
                                                  ../../src/kernel/source/nrk_idle_task.o
                                                  ../../src/kernel/source/nrk_time.o
                                                  ../../src/kernel/source/nrk_task.o