Archive member included because of file (symbol)

/usr/local/lib/gcc/avr/4.4.2/../../../../avr/lib/avr51/libprintf_min.a(vfprintf_min.o)
                              (vfprintf)
/usr/local/lib/gcc/avr/4.4.2/avr51/libgcc.a(_mulsi3.o)
                              ../../src/kernel/source/nrk_time.o (__mulsi3)
/usr/local/lib/gcc/avr/4.4.2/avr51/libgcc.a(_udivmodhi4.o)
                              ../../src/kernel/source/nrk_scheduler.o (__udivmodhi4)
/usr/local/lib/gcc/avr/4.4.2/avr51/libgcc.a(_udivmodsi4.o)
                              ../../src/kernel/source/nrk_time.o (__udivmodsi4)
/usr/local/lib/gcc/avr/4.4.2/avr51/libgcc.a(_exit.o)
                              /usr/local/lib/gcc/avr/4.4.2/../../../../avr/lib/avr51/crtm1281.o (exit)
/usr/local/lib/gcc/avr/4.4.2/avr51/libgcc.a(_copy_data.o)
                              main.o (__do_copy_data)
/usr/local/lib/gcc/avr/4.4.2/avr51/libgcc.a(_clear_bss.o)
                              main.o (__do_clear_bss)
/usr/local/lib/gcc/avr/4.4.2/../../../../avr/lib/avr51/libc.a(strchr_P.o)
                              /usr/local/lib/gcc/avr/4.4.2/../../../../avr/lib/avr51/libprintf_min.a(vfprintf_min.o) (strchr_P)
/usr/local/lib/gcc/avr/4.4.2/../../../../avr/lib/avr51/libc.a(fdevopen.o)
                              ../../src/platform/firefly2_2/source/ulib.o (fdevopen)
/usr/local/lib/gcc/avr/4.4.2/../../../../avr/lib/avr51/libc.a(fgetc.o)
                              main.o (fgetc)
/usr/local/lib/gcc/avr/4.4.2/../../../../avr/lib/avr51/libc.a(fputc.o)
                              ../../src/platform/firefly2_2/source/ulib.o (fputc)
/usr/local/lib/gcc/avr/4.4.2/../../../../avr/lib/avr51/libc.a(iob.o)
                              main.o (__iob)
/usr/local/lib/gcc/avr/4.4.2/../../../../avr/lib/avr51/libc.a(printf.o)
                              main.o (printf)
/usr/local/lib/gcc/avr/4.4.2/../../../../avr/lib/avr51/libc.a(putchar.o)
                              main.o (putchar)
/usr/local/lib/gcc/avr/4.4.2/../../../../avr/lib/avr51/libc.a(puts.o)
                              main.o (puts)
/usr/local/lib/gcc/avr/4.4.2/../../../../avr/lib/avr51/libc.a(ultoa_invert.o)
                              /usr/local/lib/gcc/avr/4.4.2/../../../../avr/lib/avr51/libprintf_min.a(vfprintf_min.o) (__ultoa_invert)
/usr/local/lib/gcc/avr/4.4.2/../../../../avr/lib/avr51/libc.a(eerd_byte_atmega1281.o)
                              ../../src/platform/firefly2_2/source/nrk_eeprom.o (__eerd_byte_m1281)
/usr/local/lib/gcc/avr/4.4.2/../../../../avr/lib/avr51/libc.a(eewr_byte_atmega1281.o)
                              ../../src/platform/firefly2_2/source/nrk_eeprom.o (__eewr_byte_m1281)
/usr/local/lib/gcc/avr/4.4.2/../../../../avr/lib/avr51/libc.a(calloc.o)
                              /usr/local/lib/gcc/avr/4.4.2/../../../../avr/lib/avr51/libc.a(fdevopen.o) (calloc)
/usr/local/lib/gcc/avr/4.4.2/../../../../avr/lib/avr51/libc.a(malloc.o)
                              /usr/local/lib/gcc/avr/4.4.2/../../../../avr/lib/avr51/libc.a(calloc.o) (malloc)
/usr/local/lib/gcc/avr/4.4.2/../../../../avr/lib/avr51/libc.a(memset.o)
                              /usr/local/lib/gcc/avr/4.4.2/../../../../avr/lib/avr51/libc.a(calloc.o) (memset)

Allocating common symbols
Common symbol       size              file

rx_ctr              0x4               ../../src/radio/cc2420/source/basic_rf.o
_free_node          0x2               ../../src/kernel/source/nrk.o
app_timer0_callback
                    0x2               main.o
nrk_task_TCB        0x63              ../../src/kernel/source/nrk.o
next_next_wakeup    0x2               ../../src/kernel/source/nrk.o
ext_int1_callback   0x2               ../../src/kernel/hal/atmega1281/nrk_ext_int.o
radio_sem           0x2               ../../src/radio/cc2420/source/basic_rf.o
ext_int0_callback   0x2               ../../src/kernel/hal/atmega1281/nrk_ext_int.o
nrk_sem_list        0x3               ../../src/kernel/source/nrk.o
security_enable     0x1               ../../src/radio/cc2420/source/basic_rf.o
nrk_task_init_cnt   0x1               ../../src/kernel/source/nrk.o
error_task          0x1               main.o
mdmctrl0            0x2               ../../src/radio/cc2420/source/basic_rf.o
rfSettings          0x9               ../../src/radio/cc2420/source/basic_rf.o
_nrk_time_trigger   0x1               main.o
ext_int2_callback   0x2               ../../src/kernel/hal/atmega1281/nrk_ext_int.o
TaskOne             0x23              main.o
__brkval            0x2               /usr/local/lib/gcc/avr/4.4.2/../../../../avr/lib/avr51/libc.a(malloc.o)
nrk_wakeup_signal   0x1               ../../src/kernel/source/nrk.o
nrk_high_ready_TCB  0x2               ../../src/kernel/source/nrk.o
pc_int0_callback    0x2               ../../src/kernel/hal/atmega1281/nrk_ext_int.o
tmp_blah            0x2               ../../src/radio/cc2420/source/basic_rf.o
uart_rx_buf_end     0x1               ../../src/platform/firefly2_2/source/ulib.o
[...]
Memory Configuration

Name             Origin             Length             Attributes
text             0x00000000         0x00020000         xr
data             0x00800060         0x0000ffa0         rw !x
eeprom           0x00810000         0x00010000         rw !x
fuse             0x00820000         0x00000400         rw !x
lock             0x00830000         0x00000400         rw !x
signature        0x00840000         0x00000400         rw !x
*default*        0x00000000         0xffffffff

Linker script and memory map

Address of section .data set to 0x800200
LOAD /usr/local/lib/gcc/avr/4.4.2/../../../../avr/lib/avr51/crtm1281.o
LOAD main.o
LOAD ../../src/radio/cc2420/source/hal_rf_set_channel.o
LOAD ../../src/radio/cc2420/source/hal_rf_wait_for_crystal_oscillator.o
LOAD ../../src/radio/cc2420/source/basic_rf.o
LOAD ../../src/platform/firefly2_2/source/ulib.o
LOAD ../../src/platform/firefly2_2/source/hal_wait.o
LOAD ../../src/platform/firefly2_2/source/nrk_eeprom.o
LOAD ../../src/kernel/source/nrk.o
LOAD ../../src/kernel/source/nrk_stats.o
LOAD ../../src/kernel/source/nrk_error.o
LOAD ../../src/kernel/source/nrk_stack_check.o
LOAD ../../src/kernel/source/nrk_events.o
LOAD ../../src/kernel/source/nrk_task.o
LOAD ../../src/kernel/source/nrk_time.o
LOAD ../../src/kernel/source/nrk_idle_task.o
LOAD ../../src/kernel/source/nrk_scheduler.o
LOAD ../../src/kernel/source/nrk_driver.o
LOAD ../../src/kernel/source/nrk_reserve.o
LOAD ../../src/kernel/hal/atmega1281/nrk_timer.o
LOAD ../../src/kernel/hal/atmega1281/nrk_ext_int.o
LOAD ../../src/kernel/hal/atmega1281/nrk_status.o
LOAD ../../src/kernel/hal/atmega1281/nrk_watchdog.o
LOAD ../../src/kernel/hal/atmega1281/nrk_cpu.o
LOAD ../../src/kernel/hal/atmega1281/atmel_hw_specific.o
LOAD /usr/local/lib/gcc/avr/4.4.2/../../../../avr/lib/avr51/libprintf_min.a
LOAD /usr/local/lib/gcc/avr/4.4.2/../../../../avr/lib/avr51/libm.a
LOAD /usr/local/lib/gcc/avr/4.4.2/avr51/libgcc.a
LOAD /usr/local/lib/gcc/avr/4.4.2/../../../../avr/lib/avr51/libc.a
LOAD /usr/local/lib/gcc/avr/4.4.2/avr51/libgcc.a

.hash
 *(.hash)

.dynsym
 *(.dynsym)

.dynstr
 *(.dynstr)

.gnu.version
 *(.gnu.version)

.gnu.version_d
 *(.gnu.version_d)

.gnu.version_r
 *(.gnu.version_r)

.rel.init
 *(.rel.init)

.rela.init
 *(.rela.init)

.rel.text
 *(.rel.text)
 *(.rel.text.*)
 *(.rel.gnu.linkonce.t*)

.rela.text
 *(.rela.text)
 *(.rela.text.*)
 *(.rela.gnu.linkonce.t*)

.rel.fini
 *(.rel.fini)

.rela.fini
 *(.rela.fini)

.rel.rodata
 *(.rel.rodata)
 *(.rel.rodata.*)
 *(.rel.gnu.linkonce.r*)

.rela.rodata
 *(.rela.rodata)
 *(.rela.rodata.*)
 *(.rela.gnu.linkonce.r*)

.rel.data
 *(.rel.data)
 *(.rel.data.*)
 *(.rel.gnu.linkonce.d*)

.rela.data
 *(.rela.data)
 *(.rela.data.*)
 *(.rela.gnu.linkonce.d*)

.rel.ctors
 *(.rel.ctors)

.rela.ctors
 *(.rela.ctors)

.rel.dtors
 *(.rel.dtors)

.rela.dtors
 *(.rela.dtors)

.rel.got
 *(.rel.got)

.rela.got
 *(.rela.got)

.rel.bss
 *(.rel.bss)

.rela.bss
 *(.rela.bss)

.rel.plt
 *(.rel.plt)

.rela.plt
 *(.rela.plt)

.text           0x00000000     0x51e8
 *(.vectors)
 .vectors       0x00000000       0xcc /usr/local/lib/gcc/avr/4.4.2/../../../../avr/lib/avr51/crtm1281.o
                0x00000000                __vectors
 *(.vectors)
 *(.progmem.gcc*)
 .progmem.gcc_sw_table
                0x000000cc       0x24 ../../src/kernel/source/nrk_error.o
 *(.progmem*)
 .progmem.data  0x000000f0       0x36 main.o
 .progmem.data  0x00000126      0x1c8 ../../src/kernel/source/nrk_error.o
 .progmem.data  0x000002ee        0xf ../../src/kernel/source/nrk_stack_check.o
 .progmem.data  0x000002fd       0x17 /usr/local/lib/gcc/avr/4.4.2/../../../../avr/lib/avr51/libprintf_min.a(vfprintf_min.o)
                0x00000314                . = ALIGN (0x2)
                0x00000314                __trampolines_start = .
 *(.trampolines)
 .trampolines   0x00000314        0x0 linker stubs
 *(.trampolines*)
                0x00000314                __trampolines_end = .
 *(.jumptables)
 *(.jumptables*)
 *(.lowtext)
 *(.lowtext*)
                0x00000314                __ctors_start = .
 *(.ctors)
                0x00000314                __ctors_end = .
                0x00000314                __dtors_start = .
 *(.dtors)
                0x00000314                __dtors_end = .
 SORT(*)(.ctors)
 SORT(*)(.dtors)
 *(.init0)
 .init0         0x00000314        0x0 /usr/local/lib/gcc/avr/4.4.2/../../../../avr/lib/avr51/crtm1281.o
                0x00000314                __init
 *(.init0)
 *(.init1)
 *(.init1)
 *(.init2)
 .init2         0x00000314        0xc /usr/local/lib/gcc/avr/4.4.2/../../../../avr/lib/avr51/crtm1281.o
 *(.init2)
 *(.init3)
 *(.init3)
 *(.init4)
 .init4         0x00000320       0x1a /usr/local/lib/gcc/avr/4.4.2/avr51/libgcc.a(_copy_data.o)
                0x00000320                __do_copy_data
 .init4         0x0000033a       0x10 /usr/local/lib/gcc/avr/4.4.2/avr51/libgcc.a(_clear_bss.o)
                0x0000033a                __do_clear_bss
 *(.init4)
 *(.init5)
 *(.init5)
 *(.init6)
 *(.init6)
 *(.init7)
 *(.init7)
 *(.init8)
 *(.init8)
 *(.init9)
 .init9         0x0000034a        0x8 /usr/local/lib/gcc/avr/4.4.2/../../../../avr/lib/avr51/crtm1281.o
 *(.init9)
 *(.text)
 .text          0x00000352        0x4 /usr/local/lib/gcc/avr/4.4.2/../../../../avr/lib/avr51/crtm1281.o
                0x00000352                __vector_38
                0x00000352                __vector_22
                0x00000352                __vector_28
                0x00000352                __vector_34
                0x00000352                __vector_24
                0x00000352                __vector_12
                0x00000352                __vector_46
                0x00000352                __bad_interrupt
                0x00000352                __vector_6
                0x00000352                __vector_31
                0x00000352                __vector_35
                0x00000352                __vector_39
                0x00000352                __vector_3
                0x00000352                __vector_23
                0x00000352                __vector_30
                0x00000352                __vector_45
                0x00000352                __vector_25
                0x00000352                __vector_11
                0x00000352                __vector_19
                0x00000352                __vector_7
                0x00000352                __vector_49
                0x00000352                __vector_41
                0x00000352                __vector_43
                0x00000352                __vector_27
                0x00000352                __vector_5
                0x00000352                __vector_33
                0x00000352                __vector_47
                0x00000352                __vector_37
                0x00000352                __vector_4
                0x00000352                __vector_44
                0x00000352                __vector_2
                0x00000352                __vector_21
                0x00000352                __vector_29
                0x00000352                __vector_40
                0x00000352                __vector_8
                0x00000352                __vector_26
                0x00000352                __vector_48
                0x00000352                __vector_14
                0x00000352                __vector_10
                0x00000352                __vector_50
                0x00000352                __vector_16
                0x00000352                __vector_18
                0x00000352                __vector_20
                0x00000352                __vector_42
 .text          0x00000356      0x29c main.o
                0x00000356                nrk_create_taskset
                0x00000448                tx_task
                0x00000484                rx_task
                0x00000576                main
 .text          0x000005f2       0x3c ../../src/radio/cc2420/source/hal_rf_set_channel.o
                0x000005f2                halRfSetChannel
 .text          0x0000062e       0x18 ../../src/radio/cc2420/source/hal_rf_wait_for_crystal_oscillator.o
                0x0000062e                halRfWaitForCrystalOscillator
 .text          0x00000646     0x11f6 ../../src/radio/cc2420/source/basic_rf.o
                0x00000646                rf_security_last_pkt_status
                0x0000064c                rf_security_set_ctr_counter
                0x000006cc                rf_security_enable
                0x00000718                rf_security_disable
                0x00000740                rf_get_sem
                0x0000074a                rf_tx_power
                0x00000774                rf_addr_decode_enable
                0x000007a6                rf_addr_decode_disable
                0x000007d8                rf_auto_ack_enable
                0x00000810                rf_auto_ack_disable
                0x00000846                rf_rx_on
                0x0000086e                rf_polling_rx_on
                0x00000896                rf_rx_off
                0x000008ae                rf_busy
                0x000008c0                rf_rx_check_fifop
                0x000008ca                rf_rx_check_sfd
                0x000008dc                rf_polling_rx_packet
                0x00000d1c                rf_rx_packet
                0x00000d2e                rf_flush_rx_fifo
                0x00000d4c                rf_set_cca_thresh
                0x00000d78                rf_test_mode
                0x00000dce                rf_data_mode
                0x00000e20                rf_carrier_on
                0x00000e30                rf_carrier_off
                0x00000e40                rf_tx_packet
                0x0000114e                rf_tx_tdma_packet
                0x00001446                rf_addr_decode_set_my_mac
                0x000014a8                rf_security_set_key
                0x0000166e                rf_set_rx
                0x000016a4                rf_set_channel
                0x000016aa                rf_init
 .text          0x0000183c      0x974 ../../src/platform/firefly2_2/source/ulib.o
                0x0000183c                getc1
                0x0000187a                nrk_uart_data_ready
                0x000018a2                PORT_INIT
                0x000018d0                nrk_setup_ports
                0x000018de                nrk_gpio_set
                0x000019ca                nrk_gpio_clr
                0x00001acc                nrk_gpio_get
                0x00001b38                nrk_gpio_toggle
                0x00001d2c                nrk_gpio_direction
                0x00001f24                nrk_get_button
                0x00001f38                nrk_led_toggle
                0x00001f6e                nrk_led_clr
                0x00001fa4                nrk_led_set
                0x00001fda                nrk_gpio_pullups
                0x00001fee                putc0
                0x00002006                putc1
                0x00002014                setup_uart0
                0x0000203e                setup_uart1
                0x00002068                getc0
                0x00002080                nrk_setup_uart
                0x000020d2                nrk_uart_rx_signal_get
                0x000020e6                nrk_kprintf
                0x0000210c                __vector_36
 .text          0x000021b0        0xe ../../src/platform/firefly2_2/source/hal_wait.o
                0x000021b0                halWait
 .text          0x000021be      0x140 ../../src/platform/firefly2_2/source/nrk_eeprom.o
                0x000021be                write_eeprom_current_image_checksum
                0x000021ce                write_eeprom_aes_key
                0x000021fe                write_eeprom_load_img_pages
                0x0000220e                nrk_eeprom_write_byte
                0x00002214                read_eeprom_current_image_checksum
                0x0000222c                read_eeprom_aes_key
                0x0000225c                read_eeprom_load_img_pages
                0x00002274                read_eeprom_channel
                0x0000228c                read_eeprom_mac_address
                0x000022f8                nrk_eeprom_read_byte
 .text          0x000022fe      0x334 ../../src/kernel/source/nrk.o
                0x000022fe                nrk_int_disable
                0x00002302                nrk_int_enable
                0x00002306                nrk_halt
                0x0000230a                nrk_version
                0x00002310                _nrk_timer_tick
                0x00002316                nrk_TCB_init
                0x00002476                nrk_start
                0x0000251a                nrk_init
 .text          0x00002632        0x0 ../../src/kernel/source/nrk_stats.o
 .text          0x00002632      0x1b2 ../../src/kernel/source/nrk_error.o
                0x00002632                _nrk_errno_set
                0x0000263e                nrk_errno_get
                0x0000264a                nrk_error_get
                0x00002666                nrk_error_print
                0x000027be                nrk_kernel_error_add
                0x000027cc                nrk_error_add
 .text          0x000027e4      0x242 ../../src/kernel/source/nrk_stack_check.o
                0x000027e4                nrk_stack_check_pid
                0x0000282a                dump_stack_info
                0x000029de                nrk_stack_check
 .text          0x00002a26      0x600 ../../src/kernel/source/nrk_events.o
                0x00002a26                nrk_signal_create
                0x00002aa6                nrk_signal_get_registered_mask
                0x00002ab8                nrk_signal_unregister
                0x00002b3c                nrk_signal_register
                0x00002baa                nrk_sem_create
                0x00002bb0                nrk_get_resource_index
                0x00002bc0                nrk_sem_delete
                0x00002c04                nrk_sem_query
                0x00002c36                nrk_sem_post
                0x00002cfa                nrk_event_signal
                0x00002de2                nrk_signal_delete
                0x00002efa                nrk_sem_pend
                0x00002fae                nrk_event_wait
 .text          0x00003026      0x6c2 ../../src/kernel/source/nrk_task.o
                0x00003026                nrk_get_high_ready_task_ID
                0x00003032                nrk_print_readyQ
                0x00003048                nrk_add_to_readyQ
                0x000031a6                nrk_rem_from_readyQ
                0x00003258                nrk_get_pid
                0x00003264                _nrk_wait_for_scheduler
                0x00003278                nrk_wait
                0x00003330                nrk_wait_until
                0x000033dc                nrk_wait_until_nw
                0x00003428                nrk_set_next_wakeup
                0x000034a0                nrk_wait_until_ticks
                0x000034f8                nrk_wait_ticks
                0x00003562                nrk_wait_until_next_n_periods
                0x000035c6                nrk_wait_until_next_period
                0x0000361c                nrk_terminate_task
                0x0000363e                nrk_activate_task
 .text          0x000036e8      0x5a8 ../../src/kernel/source/nrk_time.o
                0x000036e8                nrk_time_sub
                0x00003806                nrk_time_add
                0x000038f2                nrk_time_compact_nanos
                0x00003938                nrk_time_set
                0x0000395a                _nrk_time_to_ticks
                0x00003a56                _nrk_ticks_to_time
                0x00003aca                _nrk_time_to_ticks_long
                0x00003be2                nrk_time_get
 .text          0x00003c90       0x36 ../../src/kernel/source/nrk_idle_task.o
                0x00003c90                nrk_idle_task
 .text          0x00003cc6      0x3e8 ../../src/kernel/source/nrk_scheduler.o
                0x00003cc6                _nrk_scheduler
 .text          0x000040ae        0x0 ../../src/kernel/source/nrk_driver.o
 .text          0x000040ae        0x0 ../../src/kernel/source/nrk_reserve.o
 .text          0x000040ae      0x370 ../../src/kernel/hal/atmega1281/nrk_timer.o
                0x000040ae                nrk_spin_wait_us
                0x000040bc                _nrk_setup_timer
                0x00004126                _nrk_high_speed_timer_stop
                0x0000412c                _nrk_high_speed_timer_start
                0x00004134                _nrk_high_speed_timer_reset
                0x00004144                nrk_high_speed_timer_wait
                0x000041cc                _nrk_high_speed_timer_get
                0x000041f2                _nrk_os_timer_stop
                0x00004208                _nrk_os_timer_set
                0x0000420e                _nrk_os_timer_start
                0x00004220                _nrk_os_timer_reset
                0x00004234                _nrk_get_next_wakeup
                0x0000423c                _nrk_set_next_wakeup
                0x00004244                nrk_timer_int_stop
                0x00004250                nrk_timer_int_reset
                0x00004264                nrk_timer_int_read
                0x0000427a                nrk_timer_int_start
                0x0000428c                nrk_timer_int_configure
                0x0000430a                _nrk_os_timer_get
                0x00004310                __vector_13
                0x00004310                __vector_15
                0x00004376                __vector_17
                0x0000438a                __vector_32
                0x000043ee                __vector_default
 .text          0x0000441e      0x2f2 ../../src/kernel/hal/atmega1281/nrk_ext_int.o
                0x0000441e                nrk_ext_int_enable
                0x000044a6                nrk_ext_int_disable
                0x0000452e                nrk_ext_int_configure
                0x00004648                __vector_1
                0x000046ac                __vector_9
 .text          0x00004710       0x10 ../../src/kernel/hal/atmega1281/nrk_status.o
                0x00004710                _nrk_startup_ok
                0x0000471e                update_watchdog
 .text          0x00004720       0x50 ../../src/kernel/hal/atmega1281/nrk_watchdog.o
                0x00004720                nrk_watchdog_check
                0x0000472e                nrk_watchdog_reset
                0x00004732                nrk_watchdog_enable
                0x00004752                nrk_watchdog_disable
 .text          0x00004770      0x102 ../../src/kernel/hal/atmega1281/nrk_cpu.o
                0x00004770                nrk_battery_save
                0x00004772                nrk_sleep
                0x0000478a                nrk_idle
                0x000047a0                nrk_task_set_entry_function
                0x000047a8                nrk_task_stk_init
                0x000047fe                nrk_stack_pointer_init
                0x0000481c                nrk_stack_pointer_restore
                0x0000482a                nrk_target_start
                0x00004834                nrk_task_set_stk
 .text          0x00004872       0x56 ../../src/kernel/hal/atmega1281/atmel_hw_specific.o
                0x00004872                nrk_start_high_ready_task
 .text          0x000048c8        0x0 /usr/local/lib/gcc/avr/4.4.2/../../../../avr/lib/avr51/libprintf_min.a(vfprintf_min.o)
 .text          0x000048c8        0x0 /usr/local/lib/gcc/avr/4.4.2/avr51/libgcc.a(_mulsi3.o)
 .text          0x000048c8        0x0 /usr/local/lib/gcc/avr/4.4.2/avr51/libgcc.a(_udivmodhi4.o)
 .text          0x000048c8        0x0 /usr/local/lib/gcc/avr/4.4.2/avr51/libgcc.a(_udivmodsi4.o)
 .text          0x000048c8        0x0 /usr/local/lib/gcc/avr/4.4.2/avr51/libgcc.a(_exit.o)
 .text          0x000048c8        0x0 /usr/local/lib/gcc/avr/4.4.2/avr51/libgcc.a(_copy_data.o)
 .text          0x000048c8        0x0 /usr/local/lib/gcc/avr/4.4.2/avr51/libgcc.a(_clear_bss.o)
 .text          0x000048c8        0x0 /usr/local/lib/gcc/avr/4.4.2/../../../../avr/lib/avr51/libc.a(strchr_P.o)
 .text          0x000048c8        0x0 /usr/local/lib/gcc/avr/4.4.2/../../../../avr/lib/avr51/libc.a(fdevopen.o)
 .text          0x000048c8        0x0 /usr/local/lib/gcc/avr/4.4.2/../../../../avr/lib/avr51/libc.a(fgetc.o)
 .text          0x000048c8        0x0 /usr/local/lib/gcc/avr/4.4.2/../../../../avr/lib/avr51/libc.a(fputc.o)
 .text          0x000048c8        0x0 /usr/local/lib/gcc/avr/4.4.2/../../../../avr/lib/avr51/libc.a(iob.o)
 .text          0x000048c8        0x0 /usr/local/lib/gcc/avr/4.4.2/../../../../avr/lib/avr51/libc.a(printf.o)
 .text          0x000048c8        0x0 /usr/local/lib/gcc/avr/4.4.2/../../../../avr/lib/avr51/libc.a(putchar.o)
 .text          0x000048c8        0x0 /usr/local/lib/gcc/avr/4.4.2/../../../../avr/lib/avr51/libc.a(puts.o)
 .text          0x000048c8        0x0 /usr/local/lib/gcc/avr/4.4.2/../../../../avr/lib/avr51/libc.a(ultoa_invert.o)
 .text          0x000048c8        0x0 /usr/local/lib/gcc/avr/4.4.2/../../../../avr/lib/avr51/libc.a(eerd_byte_atmega1281.o)
 .text          0x000048c8        0x0 /usr/local/lib/gcc/avr/4.4.2/../../../../avr/lib/avr51/libc.a(eewr_byte_atmega1281.o)
 .text          0x000048c8        0x0 /usr/local/lib/gcc/avr/4.4.2/../../../../avr/lib/avr51/libc.a(calloc.o)
 .text          0x000048c8        0x0 /usr/local/lib/gcc/avr/4.4.2/../../../../avr/lib/avr51/libc.a(malloc.o)
 .text          0x000048c8        0x0 /usr/local/lib/gcc/avr/4.4.2/../../../../avr/lib/avr51/libc.a(memset.o)
                0x000048c8                . = ALIGN (0x2)
 *(.text.*)
 .text.avr-libc
                0x000048c8      0x28c /usr/local/lib/gcc/avr/4.4.2/../../../../avr/lib/avr51/libprintf_min.a(vfprintf_min.o)
                0x000048c8                vfprintf
 .text.libgcc   0x00004b54       0x3e /usr/local/lib/gcc/avr/4.4.2/avr51/libgcc.a(_mulsi3.o)
                0x00004b54                __mulsi3
 .text.libgcc   0x00004b92       0x28 /usr/local/lib/gcc/avr/4.4.2/avr51/libgcc.a(_udivmodhi4.o)
                0x00004b92                __udivmodhi4
 .text.libgcc   0x00004bba       0x44 /usr/local/lib/gcc/avr/4.4.2/avr51/libgcc.a(_udivmodsi4.o)
                0x00004bba                __udivmodsi4
 .text.libgcc   0x00004bfe        0x0 /usr/local/lib/gcc/avr/4.4.2/avr51/libgcc.a(_exit.o)
 .text.libgcc   0x00004bfe        0x0 /usr/local/lib/gcc/avr/4.4.2/avr51/libgcc.a(_copy_data.o)
 .text.libgcc   0x00004bfe        0x0 /usr/local/lib/gcc/avr/4.4.2/avr51/libgcc.a(_clear_bss.o)
 .text.avr-libc
                0x00004bfe       0x16 /usr/local/lib/gcc/avr/4.4.2/../../../../avr/lib/avr51/libc.a(strchr_P.o)
                0x00004bfe                strchr_P
 .text.avr-libc
                0x00004c14       0x98 /usr/local/lib/gcc/avr/4.4.2/../../../../avr/lib/avr51/libc.a(fdevopen.o)
                0x00004c14                fdevopen
 .text.avr-libc
                0x00004cac       0x82 /usr/local/lib/gcc/avr/4.4.2/../../../../avr/lib/avr51/libc.a(fgetc.o)
                0x00004cac                fgetc
 .text.avr-libc
                0x00004d2e       0x58 /usr/local/lib/gcc/avr/4.4.2/../../../../avr/lib/avr51/libc.a(fputc.o)
                0x00004d2e                fputc
 .text.avr-libc
                0x00004d86       0x24 /usr/local/lib/gcc/avr/4.4.2/../../../../avr/lib/avr51/libc.a(printf.o)
                0x00004d86                printf
 .text.avr-libc
                0x00004daa        0xe /usr/local/lib/gcc/avr/4.4.2/../../../../avr/lib/avr51/libc.a(putchar.o)
                0x00004daa                putchar
 .text.avr-libc
                0x00004db8       0x76 /usr/local/lib/gcc/avr/4.4.2/../../../../avr/lib/avr51/libc.a(puts.o)
                0x00004db8                puts
 .text.avr-libc
                0x00004e2e       0xbc /usr/local/lib/gcc/avr/4.4.2/../../../../avr/lib/avr51/libc.a(ultoa_invert.o)
                0x00004e2e                __ultoa_invert
 .text.avr-libc
                0x00004eea       0x10 /usr/local/lib/gcc/avr/4.4.2/../../../../avr/lib/avr51/libc.a(eerd_byte_atmega1281.o)
                0x00004eea                __eerd_byte_m1281
 .text.avr-libc
                0x00004efa       0x1c /usr/local/lib/gcc/avr/4.4.2/../../../../avr/lib/avr51/libc.a(eewr_byte_atmega1281.o)
                0x00004efa                __eewr_byte_m1281
                0x00004efc                __eewr_r18_m1281
 .text.avr-libc
                0x00004f16       0x4c /usr/local/lib/gcc/avr/4.4.2/../../../../avr/lib/avr51/libc.a(calloc.o)
                0x00004f16                calloc
 .text.avr-libc
                0x00004f62      0x274 /usr/local/lib/gcc/avr/4.4.2/../../../../avr/lib/avr51/libc.a(malloc.o)
                0x00004f62                malloc
                0x000050a8                free
 .text.avr-libc
                0x000051d6        0xe /usr/local/lib/gcc/avr/4.4.2/../../../../avr/lib/avr51/libc.a(memset.o)
                0x000051d6                memset
                0x000051e4                . = ALIGN (0x2)
 *(.fini9)
 .fini9         0x000051e4        0x0 /usr/local/lib/gcc/avr/4.4.2/avr51/libgcc.a(_exit.o)
                0x000051e4                exit
                0x000051e4                _exit
 *(.fini9)
 *(.fini8)
 *(.fini8)
 *(.fini7)
 *(.fini7)
 *(.fini6)
 *(.fini6)
 *(.fini5)
 *(.fini5)
 *(.fini4)
 *(.fini4)
 *(.fini3)
 *(.fini3)
 *(.fini2)
 *(.fini2)
 *(.fini1)
 *(.fini1)
 *(.fini0)
 .fini0         0x000051e4        0x4 /usr/local/lib/gcc/avr/4.4.2/avr51/libgcc.a(_exit.o)
 *(.fini0)
                0x000051e8                _etext = .

.data           0x00800200       0xca load address 0x000051e8
                0x00800200                PROVIDE (__data_start, .)
 *(.data)
 .data          0x00800200        0x0 /usr/local/lib/gcc/avr/4.4.2/../../../../avr/lib/avr51/crtm1281.o
 .data          0x00800200       0x51 main.o
 .data          0x00800251        0x0 ../../src/radio/cc2420/source/hal_rf_set_channel.o
 .data          0x00800251        0x0 ../../src/radio/cc2420/source/hal_rf_wait_for_crystal_oscillator.o
 .data          0x00800251        0x0 ../../src/radio/cc2420/source/basic_rf.o
 .data          0x00800251       0x21 ../../src/platform/firefly2_2/source/ulib.o
                0x00800251                NRK_DEBUG_0
                0x00800252                NRK_DEBUG_1
                0x00800253                NRK_BUTTON
                0x00800254                NRK_SPI_SS
                0x00800255                NRK_SCK
                0x00800256                NRK_MOSI
                0x00800257                NRK_MISO
                0x00800258                NRK_GPIO26
                0x00800259                NRK_MMC_11
                0x0080025a                NRK_MMC_10
                0x0080025b                NRK_MMC_9
                0x0080025c                NRK_DEBUG_2
                0x0080025d                NRK_DEBUG_3
                0x0080025e                NRK_UART1_RXD
                0x0080025f                NRK_UART1_TXD
                0x00800260                NRK_CCA
                0x00800261                NRK_SFD
                0x00800262                NRK_UART0_RXD
                0x00800263                NRK_UART0_TXD
                0x00800264                NRK_LED_0
                0x00800265                NRK_LED_1
                0x00800266                NRK_LED_2
                0x00800267                NRK_LED_3
                0x00800268                NRK_GPIO34
                0x00800269                NRK_FIFOP
                0x0080026a                NRK_ADC_INPUT_0
                0x0080026b                NRK_ADC_INPUT_1
                0x0080026c                NRK_ADC_INPUT_2
                0x0080026d                NRK_ADC_INPUT_3
                0x0080026e                NRK_ADC_INPUT_4
                0x0080026f                NRK_ADC_INPUT_5
                0x00800270                NRK_ADC_INPUT_6
                0x00800271                NRK_ADC_INPUT_7
 .data          0x00800272        0x0 ../../src/platform/firefly2_2/source/hal_wait.o
 .data          0x00800272        0x0 ../../src/platform/firefly2_2/source/nrk_eeprom.o
 .data          0x00800272        0x0 ../../src/kernel/source/nrk.o
 .data          0x00800272        0x0 ../../src/kernel/source/nrk_stats.o
 .data          0x00800272        0x3 ../../src/kernel/source/nrk_error.o
 .data          0x00800275       0x4e ../../src/kernel/source/nrk_stack_check.o
 .data          0x008002c3        0x0 ../../src/kernel/source/nrk_events.o
 .data          0x008002c3        0x0 ../../src/kernel/source/nrk_task.o
 .data          0x008002c3        0x0 ../../src/kernel/source/nrk_time.o
 .data          0x008002c3        0x0 ../../src/kernel/source/nrk_idle_task.o
 .data          0x008002c3        0x0 ../../src/kernel/source/nrk_scheduler.o
 .data          0x008002c3        0x0 ../../src/kernel/source/nrk_driver.o
 .data          0x008002c3        0x0 ../../src/kernel/source/nrk_reserve.o
 .data          0x008002c3        0x0 ../../src/kernel/hal/atmega1281/nrk_timer.o
 .data          0x008002c3        0x0 ../../src/kernel/hal/atmega1281/nrk_ext_int.o
 .data          0x008002c3        0x0 ../../src/kernel/hal/atmega1281/nrk_status.o
 .data          0x008002c3        0x0 ../../src/kernel/hal/atmega1281/nrk_watchdog.o
 .data          0x008002c3        0x0 ../../src/kernel/hal/atmega1281/nrk_cpu.o
 .data          0x008002c3        0x0 ../../src/kernel/hal/atmega1281/atmel_hw_specific.o
 .data          0x008002c3        0x0 /usr/local/lib/gcc/avr/4.4.2/../../../../avr/lib/avr51/libprintf_min.a(vfprintf_min.o)
 .data          0x008002c3        0x0 /usr/local/lib/gcc/avr/4.4.2/avr51/libgcc.a(_mulsi3.o)
 .data          0x008002c3        0x0 /usr/local/lib/gcc/avr/4.4.2/avr51/libgcc.a(_udivmodhi4.o)
 .data          0x008002c3        0x0 /usr/local/lib/gcc/avr/4.4.2/avr51/libgcc.a(_udivmodsi4.o)
 .data          0x008002c3        0x0 /usr/local/lib/gcc/avr/4.4.2/avr51/libgcc.a(_exit.o)
 .data          0x008002c3        0x0 /usr/local/lib/gcc/avr/4.4.2/avr51/libgcc.a(_copy_data.o)
 .data          0x008002c3        0x0 /usr/local/lib/gcc/avr/4.4.2/avr51/libgcc.a(_clear_bss.o)
 .data          0x008002c3        0x0 /usr/local/lib/gcc/avr/4.4.2/../../../../avr/lib/avr51/libc.a(strchr_P.o)
 .data          0x008002c3        0x0 /usr/local/lib/gcc/avr/4.4.2/../../../../avr/lib/avr51/libc.a(fdevopen.o)
 .data          0x008002c3        0x0 /usr/local/lib/gcc/avr/4.4.2/../../../../avr/lib/avr51/libc.a(fgetc.o)
 .data          0x008002c3        0x0 /usr/local/lib/gcc/avr/4.4.2/../../../../avr/lib/avr51/libc.a(fputc.o)
 .data          0x008002c3        0x0 /usr/local/lib/gcc/avr/4.4.2/../../../../avr/lib/avr51/libc.a(iob.o)
 .data          0x008002c3        0x0 /usr/local/lib/gcc/avr/4.4.2/../../../../avr/lib/avr51/libc.a(printf.o)
 .data          0x008002c3        0x0 /usr/local/lib/gcc/avr/4.4.2/../../../../avr/lib/avr51/libc.a(putchar.o)
 .data          0x008002c3        0x0 /usr/local/lib/gcc/avr/4.4.2/../../../../avr/lib/avr51/libc.a(puts.o)
 .data          0x008002c3        0x0 /usr/local/lib/gcc/avr/4.4.2/../../../../avr/lib/avr51/libc.a(ultoa_invert.o)
 .data          0x008002c3        0x0 /usr/local/lib/gcc/avr/4.4.2/../../../../avr/lib/avr51/libc.a(eerd_byte_atmega1281.o)
 .data          0x008002c3        0x0 /usr/local/lib/gcc/avr/4.4.2/../../../../avr/lib/avr51/libc.a(eewr_byte_atmega1281.o)
 .data          0x008002c3        0x0 /usr/local/lib/gcc/avr/4.4.2/../../../../avr/lib/avr51/libc.a(calloc.o)
 .data          0x008002c3        0x6 /usr/local/lib/gcc/avr/4.4.2/../../../../avr/lib/avr51/libc.a(malloc.o)
                0x008002c3                __malloc_margin
                0x008002c5                __malloc_heap_start
                0x008002c7                __malloc_heap_end
 .data          0x008002c9        0x0 /usr/local/lib/gcc/avr/4.4.2/../../../../avr/lib/avr51/libc.a(memset.o)
 *(.data*)
 *(.rodata)
 *(.rodata*)
 *(.gnu.linkonce.d*)
                0x008002ca                . = ALIGN (0x2)
 *fill*         0x008002c9        0x1 00
                0x008002ca                _edata = .
                0x008002ca                PROVIDE (__data_end, .)

.bss            0x008002ca      0x625
                0x008002ca                PROVIDE (__bss_start, .)
 *(.bss)
 .bss           0x008002ca        0x0 /usr/local/lib/gcc/avr/4.4.2/../../../../avr/lib/avr51/crtm1281.o
 .bss           0x008002ca        0x0 main.o
 .bss           0x008002ca        0x0 ../../src/radio/cc2420/source/hal_rf_set_channel.o
 .bss           0x008002ca        0x0 ../../src/radio/cc2420/source/hal_rf_wait_for_crystal_oscillator.o
 .bss           0x008002ca        0x0 ../../src/radio/cc2420/source/basic_rf.o
 .bss           0x008002ca        0x0 ../../src/platform/firefly2_2/source/ulib.o
 .bss           0x008002ca        0x0 ../../src/platform/firefly2_2/source/hal_wait.o
 .bss           0x008002ca        0x0 ../../src/platform/firefly2_2/source/nrk_eeprom.o
 .bss           0x008002ca        0x0 ../../src/kernel/source/nrk.o
 .bss           0x008002ca        0x0 ../../src/kernel/source/nrk_stats.o
 .bss           0x008002ca        0x0 ../../src/kernel/source/nrk_error.o
 .bss           0x008002ca        0x0 ../../src/kernel/source/nrk_stack_check.o
 .bss           0x008002ca        0x0 ../../src/kernel/source/nrk_events.o
 .bss           0x008002ca        0x0 ../../src/kernel/source/nrk_task.o
 .bss           0x008002ca        0x0 ../../src/kernel/source/nrk_time.o
 .bss           0x008002ca        0x0 ../../src/kernel/source/nrk_idle_task.o
 .bss           0x008002ca        0x0 ../../src/kernel/source/nrk_scheduler.o
 .bss           0x008002ca        0x0 ../../src/kernel/source/nrk_driver.o
 .bss           0x008002ca        0x0 ../../src/kernel/source/nrk_reserve.o
 .bss           0x008002ca        0x0 ../../src/kernel/hal/atmega1281/nrk_timer.o
 .bss           0x008002ca        0x0 ../../src/kernel/hal/atmega1281/nrk_ext_int.o
 .bss           0x008002ca        0x0 ../../src/kernel/hal/atmega1281/nrk_status.o
 .bss           0x008002ca        0x0 ../../src/kernel/hal/atmega1281/nrk_watchdog.o
 .bss           0x008002ca        0x0 ../../src/kernel/hal/atmega1281/nrk_cpu.o
 .bss           0x008002ca        0x0 ../../src/kernel/hal/atmega1281/atmel_hw_specific.o
 .bss           0x008002ca        0x0 /usr/local/lib/gcc/avr/4.4.2/../../../../avr/lib/avr51/libprintf_min.a(vfprintf_min.o)
 .bss           0x008002ca        0x0 /usr/local/lib/gcc/avr/4.4.2/avr51/libgcc.a(_mulsi3.o)
 .bss           0x008002ca        0x0 /usr/local/lib/gcc/avr/4.4.2/avr51/libgcc.a(_udivmodhi4.o)
 .bss           0x008002ca        0x0 /usr/local/lib/gcc/avr/4.4.2/avr51/libgcc.a(_udivmodsi4.o)
 .bss           0x008002ca        0x0 /usr/local/lib/gcc/avr/4.4.2/avr51/libgcc.a(_exit.o)
 .bss           0x008002ca        0x0 /usr/local/lib/gcc/avr/4.4.2/avr51/libgcc.a(_copy_data.o)
 .bss           0x008002ca        0x0 /usr/local/lib/gcc/avr/4.4.2/avr51/libgcc.a(_clear_bss.o)
 .bss           0x008002ca        0x0 /usr/local/lib/gcc/avr/4.4.2/../../../../avr/lib/avr51/libc.a(strchr_P.o)
 .bss           0x008002ca        0x0 /usr/local/lib/gcc/avr/4.4.2/../../../../avr/lib/avr51/libc.a(fdevopen.o)
 .bss           0x008002ca        0x0 /usr/local/lib/gcc/avr/4.4.2/../../../../avr/lib/avr51/libc.a(fgetc.o)
 .bss           0x008002ca        0x0 /usr/local/lib/gcc/avr/4.4.2/../../../../avr/lib/avr51/libc.a(fputc.o)
 .bss           0x008002ca        0x0 /usr/local/lib/gcc/avr/4.4.2/../../../../avr/lib/avr51/libc.a(iob.o)
 .bss           0x008002ca        0x0 /usr/local/lib/gcc/avr/4.4.2/../../../../avr/lib/avr51/libc.a(printf.o)
 .bss           0x008002ca        0x0 /usr/local/lib/gcc/avr/4.4.2/../../../../avr/lib/avr51/libc.a(putchar.o)
 .bss           0x008002ca        0x0 /usr/local/lib/gcc/avr/4.4.2/../../../../avr/lib/avr51/libc.a(puts.o)
 .bss           0x008002ca        0x0 /usr/local/lib/gcc/avr/4.4.2/../../../../avr/lib/avr51/libc.a(ultoa_invert.o)
 .bss           0x008002ca        0x0 /usr/local/lib/gcc/avr/4.4.2/../../../../avr/lib/avr51/libc.a(eerd_byte_atmega1281.o)
 .bss           0x008002ca        0x0 /usr/local/lib/gcc/avr/4.4.2/../../../../avr/lib/avr51/libc.a(eewr_byte_atmega1281.o)
 .bss           0x008002ca        0x0 /usr/local/lib/gcc/avr/4.4.2/../../../../avr/lib/avr51/libc.a(calloc.o)
 .bss           0x008002ca        0x0 /usr/local/lib/gcc/avr/4.4.2/../../../../avr/lib/avr51/libc.a(malloc.o)
 .bss           0x008002ca        0x0 /usr/local/lib/gcc/avr/4.4.2/../../../../avr/lib/avr51/libc.a(memset.o)
 *(.bss*)
 *(COMMON)
 COMMON         0x008002ca      0x553 main.o
                0x008002ca                app_timer0_callback
                0x008002cc                error_task
                0x008002cd                _nrk_time_trigger
                0x008002ce                TaskOne
                0x008002f1                Stack2
                0x008004f1                _nrk_signal_list
                0x008004f5                Stack1
                0x008006f5                nrk_kernel_stk_ptr
                0x008006f7                app_timer0_prescale
                0x008006f8                _nrk_prev_timer_val
                0x008006f9                error_num
                0x008006fa                nrk_idle_task_stk
                0x008007fa                TaskTwo
 COMMON         0x0080081d       0x1b ../../src/radio/cc2420/source/basic_rf.o
                0x0080081d                rx_ctr
                0x00800821                radio_sem
                0x00800823                security_enable
                0x00800824                mdmctrl0
                0x00800826                rfSettings
                0x0080082f                tmp_blah
                0x00800831                auto_ack_enable
                0x00800832                last_pkt_encrypted
                0x00800833                tx_ctr
                0x00800837                rx_ready
 COMMON         0x00800838       0x13 ../../src/platform/firefly2_2/source/ulib.o
                0x00800838                uart_rx_buf_end
                0x00800839                uart_rx_buf
                0x00800849                uart_rx_signal
                0x0080084a                uart_rx_buf_start
 COMMON         0x0080084b       0x92 ../../src/kernel/source/nrk.o
                0x0080084b                _free_node
                0x0080084d                nrk_task_TCB
                0x008008b0                next_next_wakeup
                0x008008b2                nrk_sem_list
                0x008008b5                nrk_task_init_cnt
                0x008008b6                nrk_wakeup_signal
                0x008008b7                nrk_high_ready_TCB
                0x008008b9                nrk_cur_task_prio
                0x008008ba                _nrk_cpu_state
                0x008008bb                _head_node
                0x008008bd                nrk_system_time
                0x008008c5                _nrk_resource_cnt
                0x008008c6                nrk_cur_task_TCB
                0x008008c8                nrk_high_ready_prio
                0x008008c9                _nrk_readyQ
 COMMON         0x008008dd        0x8 ../../src/kernel/hal/atmega1281/nrk_ext_int.o
                0x008008dd                ext_int1_callback
                0x008008df                ext_int0_callback
                0x008008e1                ext_int2_callback
                0x008008e3                pc_int0_callback
 COMMON         0x008008e5        0x6 /usr/local/lib/gcc/avr/4.4.2/../../../../avr/lib/avr51/libc.a(iob.o)
                0x008008e5                __iob
 COMMON         0x008008eb        0x4 /usr/local/lib/gcc/avr/4.4.2/../../../../avr/lib/avr51/libc.a(malloc.o)
                0x008008eb                __brkval
                0x008008ed                __flp
                0x008008ef                PROVIDE (__bss_end, .)
                0x000051e8                __data_load_start = LOADADDR (.data)
                0x000052b2                __data_load_end = (__data_load_start + SIZEOF (.data))

.noinit         0x008008ef        0x0
                0x008008ef                PROVIDE (__noinit_start, .)
 *(.noinit*)
                0x008008ef                PROVIDE (__noinit_end, .)
                0x008008ef                _end = .
                0x008008ef                PROVIDE (__heap_start, .)

.eeprom         0x00810000        0x0
 *(.eeprom*)
                0x00810000                __eeprom_end = .

.fuse
 *(.fuse)
 *(.lfuse)
 *(.hfuse)
 *(.efuse)

.lock
 *(.lock*)

.signature
 *(.signature*)

.stab           0x00000000     0xd608
 *(.stab)
 .stab          0x00000000      0x6cc /usr/local/lib/gcc/avr/4.4.2/../../../../avr/lib/avr51/crtm1281.o
 .stab          0x000006cc      0xa44 main.o
                                0xa50 (size before relaxing)
 .stab          0x00001110      0x21c ../../src/radio/cc2420/source/hal_rf_set_channel.o
                                0x534 (size before relaxing)
 .stab          0x0000132c      0x21c ../../src/radio/cc2420/source/hal_rf_wait_for_crystal_oscillator.o
                                0x534 (size before relaxing)
 .stab          0x00001548     0x1c50 ../../src/radio/cc2420/source/basic_rf.o
                               0x201c (size before relaxing)
 .stab          0x00003198     0x1158 ../../src/platform/firefly2_2/source/ulib.o
                               0x14ac (size before relaxing)
 .stab          0x000042f0      0x210 ../../src/platform/firefly2_2/source/hal_wait.o
                                0x528 (size before relaxing)
 .stab          0x00004500      0x63c ../../src/platform/firefly2_2/source/nrk_eeprom.o
                                0x954 (size before relaxing)
 .stab          0x00004b3c      0x954 ../../src/kernel/source/nrk.o
                                0xcc0 (size before relaxing)
 .stab          0x00005490      0x27c ../../src/kernel/source/nrk_stats.o
                                0x66c (size before relaxing)
 .stab          0x0000570c      0x690 ../../src/kernel/source/nrk_error.o
                                0xa98 (size before relaxing)
 .stab          0x00005d9c      0x444 ../../src/kernel/source/nrk_stack_check.o
                                0x834 (size before relaxing)
 .stab          0x000061e0      0xcc0 ../../src/kernel/source/nrk_events.o
                               0x108c (size before relaxing)
 .stab          0x00006ea0      0xfcc ../../src/kernel/source/nrk_task.o
                               0x1398 (size before relaxing)
 .stab          0x00007e6c      0x750 ../../src/kernel/source/nrk_time.o
                                0xb04 (size before relaxing)
 .stab          0x000085bc      0x2d0 ../../src/kernel/source/nrk_idle_task.o
                                0x6d8 (size before relaxing)
 .stab          0x0000888c      0x6fc ../../src/kernel/source/nrk_scheduler.o
                                0xac8 (size before relaxing)
 .stab          0x00008f88       0xe4 ../../src/kernel/source/nrk_driver.o
                                 0xf0 (size before relaxing)
 .stab          0x0000906c       0xe4 ../../src/kernel/source/nrk_reserve.o
                                 0xf0 (size before relaxing)
 .stab          0x00009150      0xd5c ../../src/kernel/hal/atmega1281/nrk_timer.o
                               0x10a4 (size before relaxing)
 .stab          0x00009eac      0x600 ../../src/kernel/hal/atmega1281/nrk_ext_int.o
                                0x930 (size before relaxing)
 .stab          0x0000a4ac      0x21c ../../src/kernel/hal/atmega1281/nrk_status.o
                                0x534 (size before relaxing)
 .stab          0x0000a6c8      0x39c ../../src/kernel/hal/atmega1281/nrk_watchdog.o
                                0x750 (size before relaxing)
 .stab          0x0000aa64      0x738 ../../src/kernel/hal/atmega1281/nrk_cpu.o
                                0xb04 (size before relaxing)
 .stab          0x0000b19c      0x204 ../../src/kernel/hal/atmega1281/atmel_hw_specific.o
                                0x210 (size before relaxing)
 .stab          0x0000b3a0      0x798 /usr/local/lib/gcc/avr/4.4.2/../../../../avr/lib/avr51/libprintf_min.a(vfprintf_min.o)
                                0x7e0 (size before relaxing)
 .stab          0x0000bb38       0x9c /usr/local/lib/gcc/avr/4.4.2/../../../../avr/lib/avr51/libc.a(strchr_P.o)
                                 0xa8 (size before relaxing)
 .stab          0x0000bbd4      0x270 /usr/local/lib/gcc/avr/4.4.2/../../../../avr/lib/avr51/libc.a(fdevopen.o)
                                0x498 (size before relaxing)
 .stab          0x0000be44      0x258 /usr/local/lib/gcc/avr/4.4.2/../../../../avr/lib/avr51/libc.a(fgetc.o)
                                0x438 (size before relaxing)
 .stab          0x0000c09c      0x1d4 /usr/local/lib/gcc/avr/4.4.2/../../../../avr/lib/avr51/libc.a(fputc.o)
                                0x3b4 (size before relaxing)
 .stab          0x0000c270      0x12c /usr/local/lib/gcc/avr/4.4.2/../../../../avr/lib/avr51/libc.a(iob.o)
                                0x30c (size before relaxing)
 .stab          0x0000c39c      0x18c /usr/local/lib/gcc/avr/4.4.2/../../../../avr/lib/avr51/libc.a(printf.o)
                                0x36c (size before relaxing)
 .stab          0x0000c528      0x180 /usr/local/lib/gcc/avr/4.4.2/../../../../avr/lib/avr51/libc.a(putchar.o)
                                0x360 (size before relaxing)
 .stab          0x0000c6a8      0x1d4 /usr/local/lib/gcc/avr/4.4.2/../../../../avr/lib/avr51/libc.a(puts.o)
                                0x3b4 (size before relaxing)
 .stab          0x0000c87c      0x480 /usr/local/lib/gcc/avr/4.4.2/../../../../avr/lib/avr51/libc.a(ultoa_invert.o)
                                0x48c (size before relaxing)
 .stab          0x0000ccfc       0x90 /usr/local/lib/gcc/avr/4.4.2/../../../../avr/lib/avr51/libc.a(eerd_byte_atmega1281.o)
                                 0x9c (size before relaxing)
 .stab          0x0000cd8c       0xe4 /usr/local/lib/gcc/avr/4.4.2/../../../../avr/lib/avr51/libc.a(eewr_byte_atmega1281.o)
                                 0xf0 (size before relaxing)
 .stab          0x0000ce70      0x198 /usr/local/lib/gcc/avr/4.4.2/../../../../avr/lib/avr51/libc.a(calloc.o)
                                0x1d4 (size before relaxing)
 .stab          0x0000d008      0x594 /usr/local/lib/gcc/avr/4.4.2/../../../../avr/lib/avr51/libc.a(malloc.o)
                                0x774 (size before relaxing)
 .stab          0x0000d59c       0x6c /usr/local/lib/gcc/avr/4.4.2/../../../../avr/lib/avr51/libc.a(memset.o)
                                 0x78 (size before relaxing)

.stabstr        0x00000000     0x4f20
 *(.stabstr)
 .stabstr       0x00000000     0x4f20 /usr/local/lib/gcc/avr/4.4.2/../../../../avr/lib/avr51/crtm1281.o

.stab.excl
 *(.stab.excl)

.stab.exclstr
 *(.stab.exclstr)

.stab.index
 *(.stab.index)

.stab.indexstr
 *(.stab.indexstr)

.comment
 *(.comment)

.debug
 *(.debug)

.line
 *(.line)

.debug_srcinfo
 *(.debug_srcinfo)

.debug_sfnames
 *(.debug_sfnames)

.debug_aranges
 *(.debug_aranges)

.debug_pubnames
 *(.debug_pubnames)

.debug_info
 *(.debug_info)
 *(.gnu.linkonce.wi.*)

.debug_abbrev
 *(.debug_abbrev)

.debug_line
 *(.debug_line)

.debug_frame
 *(.debug_frame)

.debug_str
 *(.debug_str)

.debug_loc
 *(.debug_loc)

.debug_macinfo
 *(.debug_macinfo)
OUTPUT(main.elf elf32-avr)
LOAD linker stubs

Cross Reference Table

Symbol                                            File
NRK_ADC_INPUT_0                                   ../../src/platform/firefly2_2/source/ulib.o
NRK_ADC_INPUT_1                                   ../../src/platform/firefly2_2/source/ulib.o
NRK_ADC_INPUT_2                                   ../../src/platform/firefly2_2/source/ulib.o
NRK_ADC_INPUT_3                                   ../../src/platform/firefly2_2/source/ulib.o
NRK_ADC_INPUT_4                                   ../../src/platform/firefly2_2/source/ulib.o
NRK_ADC_INPUT_5                                   ../../src/platform/firefly2_2/source/ulib.o
NRK_ADC_INPUT_6                                   ../../src/platform/firefly2_2/source/ulib.o
NRK_ADC_INPUT_7                                   ../../src/platform/firefly2_2/source/ulib.o
NRK_BUTTON                                        ../../src/platform/firefly2_2/source/ulib.o
NRK_CCA                                           ../../src/platform/firefly2_2/source/ulib.o
NRK_DEBUG_0                                       ../../src/platform/firefly2_2/source/ulib.o
NRK_DEBUG_1                                       ../../src/platform/firefly2_2/source/ulib.o
NRK_DEBUG_2                                       ../../src/platform/firefly2_2/source/ulib.o
NRK_DEBUG_3                                       ../../src/platform/firefly2_2/source/ulib.o
NRK_FIFOP                                         ../../src/platform/firefly2_2/source/ulib.o
NRK_GPIO26                                        ../../src/platform/firefly2_2/source/ulib.o
NRK_GPIO34                                        ../../src/platform/firefly2_2/source/ulib.o
NRK_LED_0                                         ../../src/platform/firefly2_2/source/ulib.o
NRK_LED_1                                         ../../src/platform/firefly2_2/source/ulib.o
NRK_LED_2                                         ../../src/platform/firefly2_2/source/ulib.o
NRK_LED_3                                         ../../src/platform/firefly2_2/source/ulib.o
NRK_MISO                                          ../../src/platform/firefly2_2/source/ulib.o
NRK_MMC_10                                        ../../src/platform/firefly2_2/source/ulib.o
NRK_MMC_11                                        ../../src/platform/firefly2_2/source/ulib.o
NRK_MMC_9                                         ../../src/platform/firefly2_2/source/ulib.o
NRK_MOSI                                          ../../src/platform/firefly2_2/source/ulib.o
NRK_SCK                                           ../../src/platform/firefly2_2/source/ulib.o
NRK_SFD                                           ../../src/platform/firefly2_2/source/ulib.o
NRK_SPI_SS                                        ../../src/platform/firefly2_2/source/ulib.o
NRK_UART0_RXD                                     ../../src/platform/firefly2_2/source/ulib.o
NRK_UART0_TXD                                     ../../src/platform/firefly2_2/source/ulib.o
NRK_UART1_RXD                                     ../../src/platform/firefly2_2/source/ulib.o
NRK_UART1_TXD                                     ../../src/platform/firefly2_2/source/ulib.o
PORT_INIT                                         ../../src/platform/firefly2_2/source/ulib.o
Stack1                                            main.o
Stack2                                            main.o
TaskOne                                           main.o
TaskTwo                                           main.o
__bad_interrupt                                   /usr/local/lib/gcc/avr/4.4.2/../../../../avr/lib/avr51/crtm1281.o
__brkval                                          /usr/local/lib/gcc/avr/4.4.2/../../../../avr/lib/avr51/libc.a(malloc.o)
__bss_end                                         /usr/local/lib/gcc/avr/4.4.2/avr51/libgcc.a(_clear_bss.o)
__bss_start                                       /usr/local/lib/gcc/avr/4.4.2/avr51/libgcc.a(_clear_bss.o)
__data_end                                        /usr/local/lib/gcc/avr/4.4.2/avr51/libgcc.a(_copy_data.o)
__data_load_start                                 /usr/local/lib/gcc/avr/4.4.2/avr51/libgcc.a(_copy_data.o)
__data_start                                      /usr/local/lib/gcc/avr/4.4.2/avr51/libgcc.a(_copy_data.o)
__do_clear_bss                                    /usr/local/lib/gcc/avr/4.4.2/avr51/libgcc.a(_clear_bss.o)
                                                  /usr/local/lib/gcc/avr/4.4.2/../../../../avr/lib/avr51/libc.a(malloc.o)
                                                  /usr/local/lib/gcc/avr/4.4.2/../../../../avr/lib/avr51/libc.a(calloc.o)
                                                  /usr/local/lib/gcc/avr/4.4.2/../../../../avr/lib/avr51/libc.a(puts.o)
                                                  /usr/local/lib/gcc/avr/4.4.2/../../../../avr/lib/avr51/libc.a(putchar.o)
                                                  /usr/local/lib/gcc/avr/4.4.2/../../../../avr/lib/avr51/libc.a(printf.o)
                                                  /usr/local/lib/gcc/avr/4.4.2/../../../../avr/lib/avr51/libc.a(iob.o)
                                                  /usr/local/lib/gcc/avr/4.4.2/../../../../avr/lib/avr51/libc.a(fputc.o)
                                                  /usr/local/lib/gcc/avr/4.4.2/../../../../avr/lib/avr51/libc.a(fgetc.o)
                                                  /usr/local/lib/gcc/avr/4.4.2/../../../../avr/lib/avr51/libc.a(fdevopen.o)
                                                  /usr/local/lib/gcc/avr/4.4.2/../../../../avr/lib/avr51/libprintf_min.a(vfprintf_min.o)
                                                  ../../src/kernel/hal/atmega1281/nrk_cpu.o
                                                  ../../src/kernel/hal/atmega1281/nrk_watchdog.o
                                                  ../../src/kernel/hal/atmega1281/nrk_status.o
                                                  ../../src/kernel/hal/atmega1281/nrk_ext_int.o
                                                  ../../src/kernel/hal/atmega1281/nrk_timer.o
                                                  ../../src/kernel/source/nrk_reserve.o
                                                  ../../src/kernel/source/nrk_driver.o
                                                  ../../src/kernel/source/nrk_scheduler.o
                                                  ../../src/kernel/source/nrk_idle_task.o
                                                  ../../src/kernel/source/nrk_time.o
                                                  ../../src/kernel/source/nrk_task.o
                                                  ../../src/kernel/source/nrk_events.o
                                                  ../../src/kernel/source/nrk_stack_check.o
                                                  ../../src/kernel/source/nrk_error.o
                                                  ../../src/kernel/source/nrk_stats.o
                                                  ../../src/kernel/source/nrk.o
                                                  ../../src/platform/firefly2_2/source/nrk_eeprom.o
                                                  ../../src/platform/firefly2_2/source/hal_wait.o
                                                  ../../src/platform/firefly2_2/source/ulib.o
                                                  ../../src/radio/cc2420/source/basic_rf.o
                                                  ../../src/radio/cc2420/source/hal_rf_wait_for_crystal_oscillator.o
                                                  ../../src/radio/cc2420/source/hal_rf_set_channel.o
                                                  main.o
__do_copy_data                                    /usr/local/lib/gcc/avr/4.4.2/avr51/libgcc.a(_copy_data.o)
                                                  /usr/local/lib/gcc/avr/4.4.2/../../../../avr/lib/avr51/libc.a(malloc.o)
                                                  /usr/local/lib/gcc/avr/4.4.2/../../../../avr/lib/avr51/libc.a(calloc.o)
                                                  /usr/local/lib/gcc/avr/4.4.2/../../../../avr/lib/avr51/libc.a(puts.o)
                                                  /usr/local/lib/gcc/avr/4.4.2/../../../../avr/lib/avr51/libc.a(putchar.o)
                                                  /usr/local/lib/gcc/avr/4.4.2/../../../../avr/lib/avr51/libc.a(printf.o)
                                                  /usr/local/lib/gcc/avr/4.4.2/../../../../avr/lib/avr51/libc.a(iob.o)
                                                  /usr/local/lib/gcc/avr/4.4.2/../../../../avr/lib/avr51/libc.a(fputc.o)
                                                  /usr/local/lib/gcc/avr/4.4.2/../../../../avr/lib/avr51/libc.a(fgetc.o)
                                                  /usr/local/lib/gcc/avr/4.4.2/../../../../avr/lib/avr51/libc.a(fdevopen.o)
                                                  /usr/local/lib/gcc/avr/4.4.2/../../../../avr/lib/avr51/libprintf_min.a(vfprintf_min.o)
                                                  ../../src/kernel/hal/atmega1281/nrk_cpu.o
                                                  ../../src/kernel/hal/atmega1281/nrk_watchdog.o
                                                  ../../src/kernel/hal/atmega1281/nrk_status.o
                                                  ../../src/kernel/hal/atmega1281/nrk_ext_int.o
                                                  ../../src/kernel/hal/atmega1281/nrk_timer.o
                                                  ../../src/kernel/source/nrk_reserve.o
                                                  ../../src/kernel/source/nrk_driver.o
                                                  ../../src/kernel/source/nrk_scheduler.o
                                                  ../../src/kernel/source/nrk_idle_task.o
                                                  ../../src/kernel/source/nrk_time.o
                                                  ../../src/kernel/source/nrk_task.o
                                                  ../../src/kernel/source/nrk_events.o
                                                  ../../src/kernel/source/nrk_stack_check.o
                                                  ../../src/kernel/source/nrk_error.o
                                                  ../../src/kernel/source/nrk_stats.o
                                                  ../../src/kernel/source/nrk.o
                                                  ../../src/platform/firefly2_2/source/nrk_eeprom.o
                                                  ../../src/platform/firefly2_2/source/hal_wait.o
                                                  ../../src/platform/firefly2_2/source/ulib.o
                                                  ../../src/radio/cc2420/source/basic_rf.o
                                                  ../../src/radio/cc2420/source/hal_rf_wait_for_crystal_oscillator.o
                                                  ../../src/radio/cc2420/source/hal_rf_set_channel.o
                                                  main.o
__eerd_byte_m1281                                 /usr/local/lib/gcc/avr/4.4.2/../../../../avr/lib/avr51/libc.a(eerd_byte_atmega1281.o)
                                                  ../../src/platform/firefly2_2/source/nrk_eeprom.o
__eewr_byte_m1281                                 /usr/local/lib/gcc/avr/4.4.2/../../../../avr/lib/avr51/libc.a(eewr_byte_atmega1281.o)
                                                  ../../src/platform/firefly2_2/source/nrk_eeprom.o
__eewr_r18_m1281                                  /usr/local/lib/gcc/avr/4.4.2/../../../../avr/lib/avr51/libc.a(eewr_byte_atmega1281.o)
__flp                                             /usr/local/lib/gcc/avr/4.4.2/../../../../avr/lib/avr51/libc.a(malloc.o)
__heap_end                                        /usr/local/lib/gcc/avr/4.4.2/../../../../avr/lib/avr51/crtm1281.o
                                                  /usr/local/lib/gcc/avr/4.4.2/../../../../avr/lib/avr51/libc.a(malloc.o)
__heap_start                                      /usr/local/lib/gcc/avr/4.4.2/../../../../avr/lib/avr51/libc.a(malloc.o)
__init                                            /usr/local/lib/gcc/avr/4.4.2/../../../../avr/lib/avr51/crtm1281.o
__iob                                             /usr/local/lib/gcc/avr/4.4.2/../../../../avr/lib/avr51/libc.a(puts.o)
                                                  /usr/local/lib/gcc/avr/4.4.2/../../../../avr/lib/avr51/libc.a(putchar.o)
                                                  /usr/local/lib/gcc/avr/4.4.2/../../../../avr/lib/avr51/libc.a(printf.o)
                                                  /usr/local/lib/gcc/avr/4.4.2/../../../../avr/lib/avr51/libc.a(iob.o)
                                                  /usr/local/lib/gcc/avr/4.4.2/../../../../avr/lib/avr51/libc.a(fdevopen.o)
                                                  ../../src/kernel/source/nrk_error.o
                                                  ../../src/platform/firefly2_2/source/ulib.o
                                                  main.o
__malloc_heap_end                                 /usr/local/lib/gcc/avr/4.4.2/../../../../avr/lib/avr51/libc.a(malloc.o)
__malloc_heap_start                               /usr/local/lib/gcc/avr/4.4.2/../../../../avr/lib/avr51/libc.a(malloc.o)
__malloc_margin                                   /usr/local/lib/gcc/avr/4.4.2/../../../../avr/lib/avr51/libc.a(malloc.o)
__mulsi3                                          /usr/local/lib/gcc/avr/4.4.2/avr51/libgcc.a(_mulsi3.o)
                                                  ../../src/kernel/source/nrk_scheduler.o
                                                  ../../src/kernel/source/nrk_time.o
__stack                                           /usr/local/lib/gcc/avr/4.4.2/../../../../avr/lib/avr51/crtm1281.o
__udivmodhi4                                      /usr/local/lib/gcc/avr/4.4.2/avr51/libgcc.a(_udivmodhi4.o)
                                                  ../../src/kernel/source/nrk_scheduler.o
__udivmodsi4                                      /usr/local/lib/gcc/avr/4.4.2/avr51/libgcc.a(_udivmodsi4.o)
                                                  ../../src/kernel/source/nrk_scheduler.o
                                                  ../../src/kernel/source/nrk_time.o
__ultoa_invert                                    /usr/local/lib/gcc/avr/4.4.2/../../../../avr/lib/avr51/libc.a(ultoa_invert.o)
                                                  /usr/local/lib/gcc/avr/4.4.2/../../../../avr/lib/avr51/libprintf_min.a(vfprintf_min.o)
__vector_1                                        ../../src/kernel/hal/atmega1281/nrk_ext_int.o
                                                  /usr/local/lib/gcc/avr/4.4.2/../../../../avr/lib/avr51/crtm1281.o
__vector_10                                       /usr/local/lib/gcc/avr/4.4.2/../../../../avr/lib/avr51/crtm1281.o
__vector_11                                       /usr/local/lib/gcc/avr/4.4.2/../../../../avr/lib/avr51/crtm1281.o
__vector_12                                       /usr/local/lib/gcc/avr/4.4.2/../../../../avr/lib/avr51/crtm1281.o
__vector_13                                       ../../src/kernel/hal/atmega1281/nrk_timer.o
                                                  /usr/local/lib/gcc/avr/4.4.2/../../../../avr/lib/avr51/crtm1281.o
__vector_14                                       /usr/local/lib/gcc/avr/4.4.2/../../../../avr/lib/avr51/crtm1281.o
__vector_15                                       ../../src/kernel/hal/atmega1281/nrk_timer.o
                                                  /usr/local/lib/gcc/avr/4.4.2/../../../../avr/lib/avr51/crtm1281.o
__vector_16                                       /usr/local/lib/gcc/avr/4.4.2/../../../../avr/lib/avr51/crtm1281.o
__vector_17                                       ../../src/kernel/hal/atmega1281/nrk_timer.o
                                                  /usr/local/lib/gcc/avr/4.4.2/../../../../avr/lib/avr51/crtm1281.o
__vector_18                                       /usr/local/lib/gcc/avr/4.4.2/../../../../avr/lib/avr51/crtm1281.o
__vector_19                                       /usr/local/lib/gcc/avr/4.4.2/../../../../avr/lib/avr51/crtm1281.o
__vector_2                                        /usr/local/lib/gcc/avr/4.4.2/../../../../avr/lib/avr51/crtm1281.o
__vector_20                                       /usr/local/lib/gcc/avr/4.4.2/../../../../avr/lib/avr51/crtm1281.o
__vector_21                                       /usr/local/lib/gcc/avr/4.4.2/../../../../avr/lib/avr51/crtm1281.o
__vector_22                                       /usr/local/lib/gcc/avr/4.4.2/../../../../avr/lib/avr51/crtm1281.o
__vector_23                                       /usr/local/lib/gcc/avr/4.4.2/../../../../avr/lib/avr51/crtm1281.o
__vector_24                                       /usr/local/lib/gcc/avr/4.4.2/../../../../avr/lib/avr51/crtm1281.o
__vector_25                                       /usr/local/lib/gcc/avr/4.4.2/../../../../avr/lib/avr51/crtm1281.o
__vector_26                                       /usr/local/lib/gcc/avr/4.4.2/../../../../avr/lib/avr51/crtm1281.o
__vector_27                                       /usr/local/lib/gcc/avr/4.4.2/../../../../avr/lib/avr51/crtm1281.o
__vector_28                                       /usr/local/lib/gcc/avr/4.4.2/../../../../avr/lib/avr51/crtm1281.o
__vector_29                                       /usr/local/lib/gcc/avr/4.4.2/../../../../avr/lib/avr51/crtm1281.o
__vector_3                                        /usr/local/lib/gcc/avr/4.4.2/../../../../avr/lib/avr51/crtm1281.o
__vector_30                                       /usr/local/lib/gcc/avr/4.4.2/../../../../avr/lib/avr51/crtm1281.o
__vector_31                                       /usr/local/lib/gcc/avr/4.4.2/../../../../avr/lib/avr51/crtm1281.o
__vector_32                                       ../../src/kernel/hal/atmega1281/nrk_timer.o
                                                  /usr/local/lib/gcc/avr/4.4.2/../../../../avr/lib/avr51/crtm1281.o
__vector_33                                       /usr/local/lib/gcc/avr/4.4.2/../../../../avr/lib/avr51/crtm1281.o
__vector_34                                       /usr/local/lib/gcc/avr/4.4.2/../../../../avr/lib/avr51/crtm1281.o
__vector_35                                       /usr/local/lib/gcc/avr/4.4.2/../../../../avr/lib/avr51/crtm1281.o
__vector_36                                       ../../src/platform/firefly2_2/source/ulib.o
                                                  /usr/local/lib/gcc/avr/4.4.2/../../../../avr/lib/avr51/crtm1281.o
__vector_37                                       /usr/local/lib/gcc/avr/4.4.2/../../../../avr/lib/avr51/crtm1281.o
__vector_38                                       /usr/local/lib/gcc/avr/4.4.2/../../../../avr/lib/avr51/crtm1281.o
__vector_39                                       /usr/local/lib/gcc/avr/4.4.2/../../../../avr/lib/avr51/crtm1281.o
__vector_4                                        /usr/local/lib/gcc/avr/4.4.2/../../../../avr/lib/avr51/crtm1281.o
__vector_40                                       /usr/local/lib/gcc/avr/4.4.2/../../../../avr/lib/avr51/crtm1281.o
__vector_41                                       /usr/local/lib/gcc/avr/4.4.2/../../../../avr/lib/avr51/crtm1281.o
__vector_42                                       /usr/local/lib/gcc/avr/4.4.2/../../../../avr/lib/avr51/crtm1281.o
__vector_43                                       /usr/local/lib/gcc/avr/4.4.2/../../../../avr/lib/avr51/crtm1281.o
__vector_44                                       /usr/local/lib/gcc/avr/4.4.2/../../../../avr/lib/avr51/crtm1281.o
__vector_45                                       /usr/local/lib/gcc/avr/4.4.2/../../../../avr/lib/avr51/crtm1281.o
__vector_46                                       /usr/local/lib/gcc/avr/4.4.2/../../../../avr/lib/avr51/crtm1281.o
__vector_47                                       /usr/local/lib/gcc/avr/4.4.2/../../../../avr/lib/avr51/crtm1281.o
__vector_48                                       /usr/local/lib/gcc/avr/4.4.2/../../../../avr/lib/avr51/crtm1281.o
__vector_49                                       /usr/local/lib/gcc/avr/4.4.2/../../../../avr/lib/avr51/crtm1281.o
__vector_5                                        /usr/local/lib/gcc/avr/4.4.2/../../../../avr/lib/avr51/crtm1281.o
__vector_50                                       /usr/local/lib/gcc/avr/4.4.2/../../../../avr/lib/avr51/crtm1281.o
__vector_6                                        /usr/local/lib/gcc/avr/4.4.2/../../../../avr/lib/avr51/crtm1281.o
__vector_7                                        /usr/local/lib/gcc/avr/4.4.2/../../../../avr/lib/avr51/crtm1281.o
__vector_8                                        /usr/local/lib/gcc/avr/4.4.2/../../../../avr/lib/avr51/crtm1281.o
__vector_9                                        ../../src/kernel/hal/atmega1281/nrk_ext_int.o
                                                  /usr/local/lib/gcc/avr/4.4.2/../../../../avr/lib/avr51/crtm1281.o
__vector_default                                  ../../src/kernel/hal/atmega1281/nrk_timer.o
                                                  /usr/local/lib/gcc/avr/4.4.2/../../../../avr/lib/avr51/crtm1281.o
__vectors                                         /usr/local/lib/gcc/avr/4.4.2/../../../../avr/lib/avr51/crtm1281.o
_exit                                             /usr/local/lib/gcc/avr/4.4.2/avr51/libgcc.a(_exit.o)
_free_node                                        ../../src/kernel/hal/atmega1281/nrk_cpu.o
                                                  ../../src/kernel/source/nrk_scheduler.o
                                                  ../../src/kernel/source/nrk_task.o
                                                  ../../src/kernel/source/nrk_events.o
                                                  ../../src/kernel/source/nrk_stats.o
                                                  ../../src/kernel/source/nrk.o
_head_node                                        ../../src/kernel/hal/atmega1281/nrk_cpu.o
                                                  ../../src/kernel/source/nrk_scheduler.o
                                                  ../../src/kernel/source/nrk_task.o
                                                  ../../src/kernel/source/nrk_events.o
                                                  ../../src/kernel/source/nrk_stats.o
                                                  ../../src/kernel/source/nrk.o
_nrk_cpu_state                                    ../../src/kernel/source/nrk_scheduler.o
                                                  ../../src/kernel/source/nrk_idle_task.o
                                                  ../../src/kernel/source/nrk_task.o
                                                  ../../src/kernel/source/nrk_events.o
                                                  ../../src/kernel/source/nrk.o
_nrk_errno_set                                    ../../src/kernel/source/nrk_error.o
                                                  ../../src/kernel/source/nrk_events.o
_nrk_get_next_wakeup                              ../../src/kernel/hal/atmega1281/nrk_timer.o
                                                  ../../src/kernel/source/nrk_idle_task.o
                                                  ../../src/kernel/source/nrk_task.o
_nrk_high_speed_timer_get                         ../../src/kernel/hal/atmega1281/nrk_timer.o
                                                  ../../src/kernel/source/nrk_scheduler.o
_nrk_high_speed_timer_reset                       ../../src/kernel/hal/atmega1281/nrk_timer.o
                                                  ../../src/kernel/source/nrk_scheduler.o
_nrk_high_speed_timer_start                       ../../src/kernel/hal/atmega1281/nrk_timer.o
_nrk_high_speed_timer_stop                        ../../src/kernel/hal/atmega1281/nrk_timer.o
_nrk_os_timer_get                                 ../../src/kernel/hal/atmega1281/nrk_timer.o
                                                  ../../src/kernel/source/nrk_scheduler.o
                                                  ../../src/kernel/source/nrk_time.o
                                                  ../../src/kernel/source/nrk_task.o
                                                  ../../src/radio/cc2420/source/basic_rf.o
_nrk_os_timer_reset                               ../../src/kernel/hal/atmega1281/nrk_timer.o
_nrk_os_timer_set                                 ../../src/kernel/hal/atmega1281/nrk_timer.o
_nrk_os_timer_start                               ../../src/kernel/hal/atmega1281/nrk_timer.o
_nrk_os_timer_stop                                ../../src/kernel/hal/atmega1281/nrk_timer.o
_nrk_prev_timer_val                               ../../src/kernel/hal/atmega1281/nrk_cpu.o
                                                  ../../src/kernel/hal/atmega1281/nrk_timer.o
                                                  ../../src/kernel/source/nrk_scheduler.o
                                                  ../../src/kernel/source/nrk_idle_task.o
                                                  ../../src/kernel/source/nrk_time.o
                                                  ../../src/kernel/source/nrk_task.o
                                                  ../../src/kernel/source/nrk_events.o
                                                  ../../src/kernel/source/nrk_error.o
                                                  ../../src/radio/cc2420/source/basic_rf.o
                                                  main.o
_nrk_readyQ                                       ../../src/kernel/hal/atmega1281/nrk_cpu.o
                                                  ../../src/kernel/source/nrk_scheduler.o
                                                  ../../src/kernel/source/nrk_events.o
                                                  ../../src/kernel/source/nrk_stats.o
                                                  ../../src/kernel/source/nrk.o
_nrk_resource_cnt                                 ../../src/kernel/hal/atmega1281/nrk_cpu.o
                                                  ../../src/kernel/source/nrk_scheduler.o
                                                  ../../src/kernel/source/nrk_events.o
                                                  ../../src/kernel/source/nrk_stats.o
                                                  ../../src/kernel/source/nrk.o
_nrk_scheduler                                    ../../src/kernel/source/nrk_scheduler.o
                                                  ../../src/kernel/source/nrk.o
_nrk_set_next_wakeup                              ../../src/kernel/hal/atmega1281/nrk_timer.o
                                                  ../../src/kernel/source/nrk_scheduler.o
                                                  ../../src/kernel/source/nrk_task.o
_nrk_setup_timer                                  ../../src/kernel/hal/atmega1281/nrk_timer.o
                                                  ../../src/kernel/hal/atmega1281/nrk_cpu.o
_nrk_signal_list                                  ../../src/kernel/hal/atmega1281/nrk_cpu.o
                                                  ../../src/kernel/hal/atmega1281/nrk_watchdog.o
                                                  ../../src/kernel/hal/atmega1281/nrk_status.o
                                                  ../../src/kernel/hal/atmega1281/nrk_ext_int.o
                                                  ../../src/kernel/hal/atmega1281/nrk_timer.o
                                                  ../../src/kernel/source/nrk_scheduler.o
                                                  ../../src/kernel/source/nrk_idle_task.o
                                                  ../../src/kernel/source/nrk_time.o
                                                  ../../src/kernel/source/nrk_task.o
                                                  ../../src/kernel/source/nrk_events.o
                                                  ../../src/kernel/source/nrk_stack_check.o
                                                  ../../src/kernel/source/nrk_error.o
                                                  ../../src/kernel/source/nrk_stats.o
                                                  ../../src/kernel/source/nrk.o
                                                  ../../src/platform/firefly2_2/source/nrk_eeprom.o
                                                  ../../src/platform/firefly2_2/source/hal_wait.o
                                                  ../../src/platform/firefly2_2/source/ulib.o
                                                  ../../src/radio/cc2420/source/basic_rf.o
                                                  ../../src/radio/cc2420/source/hal_rf_wait_for_crystal_oscillator.o
                                                  ../../src/radio/cc2420/source/hal_rf_set_channel.o
                                                  main.o
_nrk_startup_ok                                   ../../src/kernel/hal/atmega1281/nrk_status.o
                                                  ../../src/kernel/source/nrk.o
_nrk_ticks_to_time                                ../../src/kernel/source/nrk_time.o
_nrk_time_to_ticks                                ../../src/kernel/source/nrk_time.o
                                                  ../../src/kernel/source/nrk_task.o
                                                  ../../src/kernel/source/nrk.o
_nrk_time_to_ticks_long                           ../../src/kernel/source/nrk_time.o
_nrk_time_trigger                                 ../../src/kernel/hal/atmega1281/nrk_cpu.o
                                                  ../../src/kernel/hal/atmega1281/nrk_timer.o
                                                  ../../src/kernel/source/nrk_scheduler.o
                                                  ../../src/kernel/source/nrk_idle_task.o
                                                  ../../src/kernel/source/nrk_time.o
                                                  ../../src/kernel/source/nrk_task.o
                                                  ../../src/kernel/source/nrk_events.o
                                                  ../../src/kernel/source/nrk_error.o
                                                  ../../src/radio/cc2420/source/basic_rf.o
                                                  main.o
_nrk_timer_tick                                   ../../src/kernel/source/nrk.o
                                                  ../../src/kernel/hal/atmega1281/nrk_cpu.o
_nrk_wait_for_scheduler                           ../../src/kernel/source/nrk_task.o
app_timer0_callback                               ../../src/kernel/hal/atmega1281/nrk_cpu.o
                                                  ../../src/kernel/hal/atmega1281/nrk_timer.o
                                                  ../../src/kernel/source/nrk_scheduler.o
                                                  ../../src/kernel/source/nrk_idle_task.o
                                                  ../../src/kernel/source/nrk_time.o
                                                  ../../src/kernel/source/nrk_task.o
                                                  ../../src/kernel/source/nrk_events.o
                                                  ../../src/kernel/source/nrk_error.o
                                                  ../../src/radio/cc2420/source/basic_rf.o
                                                  main.o
app_timer0_prescale                               ../../src/kernel/hal/atmega1281/nrk_cpu.o
                                                  ../../src/kernel/hal/atmega1281/nrk_timer.o
                                                  ../../src/kernel/source/nrk_scheduler.o
                                                  ../../src/kernel/source/nrk_idle_task.o
                                                  ../../src/kernel/source/nrk_time.o
                                                  ../../src/kernel/source/nrk_task.o
                                                  ../../src/kernel/source/nrk_events.o
                                                  ../../src/kernel/source/nrk_error.o
                                                  ../../src/radio/cc2420/source/basic_rf.o
                                                  main.o
auto_ack_enable                                   ../../src/radio/cc2420/source/basic_rf.o
calloc                                            /usr/local/lib/gcc/avr/4.4.2/../../../../avr/lib/avr51/libc.a(calloc.o)
                                                  /usr/local/lib/gcc/avr/4.4.2/../../../../avr/lib/avr51/libc.a(fdevopen.o)
dump_stack_info                                   ../../src/kernel/source/nrk_stack_check.o
error_num                                         ../../src/kernel/hal/atmega1281/nrk_cpu.o
                                                  ../../src/kernel/hal/atmega1281/nrk_watchdog.o
                                                  ../../src/kernel/hal/atmega1281/nrk_ext_int.o
                                                  ../../src/kernel/hal/atmega1281/nrk_timer.o
                                                  ../../src/kernel/source/nrk_scheduler.o
                                                  ../../src/kernel/source/nrk_idle_task.o
                                                  ../../src/kernel/source/nrk_task.o
                                                  ../../src/kernel/source/nrk_events.o
                                                  ../../src/kernel/source/nrk_stack_check.o
                                                  ../../src/kernel/source/nrk_error.o
                                                  ../../src/kernel/source/nrk_stats.o
                                                  ../../src/kernel/source/nrk.o
                                                  ../../src/platform/firefly2_2/source/nrk_eeprom.o
                                                  ../../src/platform/firefly2_2/source/ulib.o
                                                  ../../src/radio/cc2420/source/basic_rf.o
                                                  main.o
error_task                                        ../../src/kernel/hal/atmega1281/nrk_cpu.o
                                                  ../../src/kernel/hal/atmega1281/nrk_watchdog.o
                                                  ../../src/kernel/hal/atmega1281/nrk_ext_int.o
                                                  ../../src/kernel/hal/atmega1281/nrk_timer.o
                                                  ../../src/kernel/source/nrk_scheduler.o
                                                  ../../src/kernel/source/nrk_idle_task.o
                                                  ../../src/kernel/source/nrk_task.o
                                                  ../../src/kernel/source/nrk_events.o
                                                  ../../src/kernel/source/nrk_stack_check.o
                                                  ../../src/kernel/source/nrk_error.o
                                                  ../../src/kernel/source/nrk_stats.o
                                                  ../../src/kernel/source/nrk.o
                                                  ../../src/platform/firefly2_2/source/nrk_eeprom.o
                                                  ../../src/platform/firefly2_2/source/ulib.o
                                                  ../../src/radio/cc2420/source/basic_rf.o
                                                  main.o
exit                                              /usr/local/lib/gcc/avr/4.4.2/avr51/libgcc.a(_exit.o)
                                                  /usr/local/lib/gcc/avr/4.4.2/../../../../avr/lib/avr51/crtm1281.o
ext_int0_callback                                 ../../src/kernel/hal/atmega1281/nrk_ext_int.o
ext_int1_callback                                 ../../src/kernel/hal/atmega1281/nrk_ext_int.o
ext_int2_callback                                 ../../src/kernel/hal/atmega1281/nrk_ext_int.o
fdevopen                                          /usr/local/lib/gcc/avr/4.4.2/../../../../avr/lib/avr51/libc.a(fdevopen.o)
                                                  ../../src/platform/firefly2_2/source/ulib.o
fgetc                                             /usr/local/lib/gcc/avr/4.4.2/../../../../avr/lib/avr51/libc.a(fgetc.o)
                                                  main.o
fputc                                             /usr/local/lib/gcc/avr/4.4.2/../../../../avr/lib/avr51/libc.a(fputc.o)
                                                  /usr/local/lib/gcc/avr/4.4.2/../../../../avr/lib/avr51/libc.a(putchar.o)
                                                  /usr/local/lib/gcc/avr/4.4.2/../../../../avr/lib/avr51/libprintf_min.a(vfprintf_min.o)
                                                  ../../src/kernel/source/nrk_error.o
                                                  ../../src/platform/firefly2_2/source/ulib.o
free                                              /usr/local/lib/gcc/avr/4.4.2/../../../../avr/lib/avr51/libc.a(malloc.o)
getc0                                             ../../src/platform/firefly2_2/source/ulib.o
getc1                                             ../../src/platform/firefly2_2/source/ulib.o
halRfSetChannel                                   ../../src/radio/cc2420/source/hal_rf_set_channel.o
                                                  ../../src/radio/cc2420/source/basic_rf.o
halRfWaitForCrystalOscillator                     ../../src/radio/cc2420/source/hal_rf_wait_for_crystal_oscillator.o
                                                  ../../src/radio/cc2420/source/basic_rf.o
halWait                                           ../../src/platform/firefly2_2/source/hal_wait.o
                                                  ../../src/radio/cc2420/source/basic_rf.o
last_pkt_encrypted                                ../../src/radio/cc2420/source/basic_rf.o
main                                              main.o
                                                  /usr/local/lib/gcc/avr/4.4.2/../../../../avr/lib/avr51/crtm1281.o
malloc                                            /usr/local/lib/gcc/avr/4.4.2/../../../../avr/lib/avr51/libc.a(malloc.o)
                                                  /usr/local/lib/gcc/avr/4.4.2/../../../../avr/lib/avr51/libc.a(calloc.o)
mdmctrl0                                          ../../src/radio/cc2420/source/basic_rf.o
memset                                            /usr/local/lib/gcc/avr/4.4.2/../../../../avr/lib/avr51/libc.a(memset.o)
                                                  /usr/local/lib/gcc/avr/4.4.2/../../../../avr/lib/avr51/libc.a(calloc.o)
next_next_wakeup                                  ../../src/kernel/source/nrk_scheduler.o
                                                  ../../src/kernel/source/nrk_idle_task.o
                                                  ../../src/kernel/source/nrk_task.o
                                                  ../../src/kernel/source/nrk_events.o
                                                  ../../src/kernel/source/nrk.o
nrk_TCB_init                                      ../../src/kernel/source/nrk.o
                                                  ../../src/kernel/source/nrk_task.o
nrk_activate_task                                 ../../src/kernel/source/nrk_task.o
                                                  ../../src/kernel/source/nrk.o
                                                  main.o
nrk_add_to_readyQ                                 ../../src/kernel/source/nrk_task.o
                                                  ../../src/kernel/source/nrk_scheduler.o
nrk_battery_save                                  ../../src/kernel/hal/atmega1281/nrk_cpu.o
nrk_create_taskset                                main.o
nrk_cur_task_TCB                                  ../../src/kernel/hal/atmega1281/nrk_cpu.o
                                                  ../../src/kernel/hal/atmega1281/nrk_timer.o
                                                  ../../src/kernel/source/nrk_scheduler.o
                                                  ../../src/kernel/source/nrk_task.o
                                                  ../../src/kernel/source/nrk_events.o
                                                  ../../src/kernel/source/nrk_stack_check.o
                                                  ../../src/kernel/source/nrk_error.o
                                                  ../../src/kernel/source/nrk_stats.o
                                                  ../../src/kernel/source/nrk.o
nrk_cur_task_prio                                 ../../src/kernel/hal/atmega1281/nrk_cpu.o
                                                  ../../src/kernel/source/nrk_scheduler.o
                                                  ../../src/kernel/source/nrk_events.o
                                                  ../../src/kernel/source/nrk_stats.o
                                                  ../../src/kernel/source/nrk.o
nrk_eeprom_read_byte                              ../../src/platform/firefly2_2/source/nrk_eeprom.o
nrk_eeprom_write_byte                             ../../src/platform/firefly2_2/source/nrk_eeprom.o
nrk_errno_get                                     ../../src/kernel/source/nrk_error.o
nrk_error_add                                     ../../src/kernel/source/nrk_error.o
                                                  ../../src/kernel/hal/atmega1281/nrk_cpu.o
                                                  ../../src/kernel/source/nrk_idle_task.o
                                                  ../../src/kernel/source/nrk_stack_check.o
                                                  ../../src/platform/firefly2_2/source/ulib.o
nrk_error_get                                     ../../src/kernel/source/nrk_error.o
nrk_error_print                                   ../../src/kernel/source/nrk_error.o
nrk_event_signal                                  ../../src/kernel/source/nrk_events.o
                                                  ../../src/platform/firefly2_2/source/ulib.o
nrk_event_wait                                    ../../src/kernel/source/nrk_events.o
                                                  main.o
nrk_ext_int_configure                             ../../src/kernel/hal/atmega1281/nrk_ext_int.o
nrk_ext_int_disable                               ../../src/kernel/hal/atmega1281/nrk_ext_int.o
nrk_ext_int_enable                                ../../src/kernel/hal/atmega1281/nrk_ext_int.o
nrk_get_button                                    ../../src/platform/firefly2_2/source/ulib.o
nrk_get_high_ready_task_ID                        ../../src/kernel/source/nrk_task.o
                                                  ../../src/kernel/source/nrk_scheduler.o
                                                  ../../src/kernel/source/nrk.o
nrk_get_pid                                       ../../src/kernel/source/nrk_task.o
                                                  main.o
nrk_get_resource_index                            ../../src/kernel/source/nrk_events.o
nrk_gpio_clr                                      ../../src/platform/firefly2_2/source/ulib.o
nrk_gpio_direction                                ../../src/platform/firefly2_2/source/ulib.o
nrk_gpio_get                                      ../../src/platform/firefly2_2/source/ulib.o
nrk_gpio_pullups                                  ../../src/platform/firefly2_2/source/ulib.o
nrk_gpio_set                                      ../../src/platform/firefly2_2/source/ulib.o
nrk_gpio_toggle                                   ../../src/platform/firefly2_2/source/ulib.o
nrk_halt                                          ../../src/kernel/source/nrk.o
nrk_high_ready_TCB                                ../../src/kernel/hal/atmega1281/atmel_hw_specific.o
                                                  ../../src/kernel/hal/atmega1281/nrk_cpu.o
                                                  ../../src/kernel/source/nrk_scheduler.o
                                                  ../../src/kernel/source/nrk_events.o
                                                  ../../src/kernel/source/nrk_stats.o
                                                  ../../src/kernel/source/nrk.o
nrk_high_ready_prio                               ../../src/kernel/hal/atmega1281/nrk_cpu.o
                                                  ../../src/kernel/source/nrk_scheduler.o
                                                  ../../src/kernel/source/nrk_events.o
                                                  ../../src/kernel/source/nrk_stats.o
                                                  ../../src/kernel/source/nrk.o
nrk_high_speed_timer_wait                         ../../src/kernel/hal/atmega1281/nrk_timer.o
                                                  ../../src/kernel/source/nrk_scheduler.o
                                                  ../../src/radio/cc2420/source/basic_rf.o
nrk_idle                                          ../../src/kernel/hal/atmega1281/nrk_cpu.o
                                                  ../../src/kernel/source/nrk_idle_task.o
                                                  ../../src/kernel/source/nrk_task.o
nrk_idle_task                                     ../../src/kernel/source/nrk_idle_task.o
                                                  ../../src/kernel/source/nrk.o
nrk_idle_task_stk                                 ../../src/kernel/hal/atmega1281/nrk_cpu.o
                                                  ../../src/kernel/hal/atmega1281/nrk_watchdog.o
                                                  ../../src/kernel/source/nrk_scheduler.o
                                                  ../../src/kernel/source/nrk_idle_task.o
                                                  ../../src/kernel/source/nrk_time.o
                                                  ../../src/kernel/source/nrk_task.o
                                                  ../../src/kernel/source/nrk_events.o
                                                  ../../src/kernel/source/nrk_stack_check.o
                                                  ../../src/kernel/source/nrk_error.o
                                                  ../../src/kernel/source/nrk_stats.o
                                                  ../../src/kernel/source/nrk.o